-- Logs begin at Wed 2019-10-02 02:18:24 UTC, end at Wed 2019-10-02 02:54:34 UTC. --
Oct 02 02:18:24 localhost kernel: Linux version 4.18.0-80.7.2.el8_0.x86_64 (mockbuild@x86-vm-09.build.eng.bos.redhat.com) (gcc version 8.2.1 20180905 (Red Hat 8.2.1-3) (GCC)) #1 SMP Fri Jul 26 10:48:21 UTC 2019
Oct 02 02:18:24 localhost kernel: Command line: BOOT_IMAGE=/ostree/rhcos-aef172cfb1a0ee1f282c1067a74adab2c9b931fad9b48b108c58cbeb47d5764d/vmlinuz-4.18.0-80.7.2.el8_0.x86_64 console=tty0 console=ttyS0,115200n8 rootflags=defaults,prjquota rw ignition.firstboot rd.neednet=1 ip=dhcp root=UUID=9213770d-ddd3-40f9-aeba-d6e8c6fec4c8 ostree=/ostree/boot.0/rhcos/aef172cfb1a0ee1f282c1067a74adab2c9b931fad9b48b108c58cbeb47d5764d/0 coreos.oem.id=metal ignition.platform.id=metal
Oct 02 02:18:24 localhost kernel: x86/fpu: Supporting XSAVE feature 0x001: 'x87 floating point registers'
Oct 02 02:18:24 localhost kernel: x86/fpu: Supporting XSAVE feature 0x002: 'SSE registers'
Oct 02 02:18:24 localhost kernel: x86/fpu: Supporting XSAVE feature 0x004: 'AVX registers'
Oct 02 02:18:24 localhost kernel: x86/fpu: Supporting XSAVE feature 0x008: 'MPX bounds registers'
Oct 02 02:18:24 localhost kernel: x86/fpu: Supporting XSAVE feature 0x010: 'MPX CSR'
Oct 02 02:18:24 localhost kernel: x86/fpu: Supporting XSAVE feature 0x020: 'AVX-512 opmask'
Oct 02 02:18:24 localhost kernel: x86/fpu: Supporting XSAVE feature 0x040: 'AVX-512 Hi256'
Oct 02 02:18:24 localhost kernel: x86/fpu: Supporting XSAVE feature 0x080: 'AVX-512 ZMM_Hi256'
Oct 02 02:18:24 localhost kernel: x86/fpu: xstate_offset[2]:  576, xstate_sizes[2]:  256
Oct 02 02:18:24 localhost kernel: x86/fpu: xstate_offset[3]:  832, xstate_sizes[3]:   64
Oct 02 02:18:24 localhost kernel: x86/fpu: xstate_offset[4]:  896, xstate_sizes[4]:   64
Oct 02 02:18:24 localhost kernel: x86/fpu: xstate_offset[5]:  960, xstate_sizes[5]:   64
Oct 02 02:18:24 localhost kernel: x86/fpu: xstate_offset[6]: 1024, xstate_sizes[6]:  512
Oct 02 02:18:24 localhost kernel: x86/fpu: xstate_offset[7]: 1536, xstate_sizes[7]: 1024
Oct 02 02:18:24 localhost kernel: x86/fpu: Enabled xstate features 0xff, context size is 2560 bytes, using 'compacted' format.
Oct 02 02:18:24 localhost kernel: BIOS-provided physical RAM map:
Oct 02 02:18:24 localhost kernel: BIOS-e820: [mem 0x0000000000000000-0x000000000009ffff] usable
Oct 02 02:18:24 localhost kernel: BIOS-e820: [mem 0x00000000000c0000-0x00000000000fffff] reserved
Oct 02 02:18:24 localhost kernel: BIOS-e820: [mem 0x0000000000100000-0x00000000f6dd5fff] usable
Oct 02 02:18:24 localhost kernel: BIOS-e820: [mem 0x00000000f6dd6000-0x00000000f6dd6fff] ACPI data
Oct 02 02:18:24 localhost kernel: BIOS-e820: [mem 0x00000000f6dd7000-0x00000000f6de2fff] reserved
Oct 02 02:18:24 localhost kernel: BIOS-e820: [mem 0x00000000f6de3000-0x00000000f6ecbfff] usable
Oct 02 02:18:24 localhost kernel: BIOS-e820: [mem 0x00000000f6ecc000-0x00000000f6ed2fff] reserved
Oct 02 02:18:24 localhost kernel: BIOS-e820: [mem 0x00000000f6ed3000-0x00000000f6ef1fff] ACPI data
Oct 02 02:18:24 localhost kernel: BIOS-e820: [mem 0x00000000f6ef2000-0x00000000f6f1afff] reserved
Oct 02 02:18:24 localhost kernel: BIOS-e820: [mem 0x00000000f6f1b000-0x00000000f7f9afff] usable
Oct 02 02:18:24 localhost kernel: BIOS-e820: [mem 0x00000000f7f9b000-0x00000000f7ff2fff] reserved
Oct 02 02:18:24 localhost kernel: BIOS-e820: [mem 0x00000000f7ff3000-0x00000000f7ffafff] ACPI data
Oct 02 02:18:24 localhost kernel: BIOS-e820: [mem 0x00000000f7ffb000-0x00000000f7ffefff] ACPI NVS
Oct 02 02:18:24 localhost kernel: BIOS-e820: [mem 0x00000000f7fff000-0x00000000f7ffffff] usable
Oct 02 02:18:24 localhost kernel: BIOS-e820: [mem 0x0000000100000000-0x0000000207ffffff] usable
Oct 02 02:18:24 localhost kernel: NX (Execute Disable) protection: active
Oct 02 02:18:24 localhost kernel: efi: EFI v2.70 by Microsoft
Oct 02 02:18:24 localhost kernel: efi:  ACPI=0xf7ffa000  ACPI 2.0=0xf7ffa014  SMBIOS=0xf7fd8000  SMBIOS 3.0=0xf7fd6000  MEMATTR=0xf72e2518 
Oct 02 02:18:24 localhost kernel: secureboot: Secure boot enabled
Oct 02 02:18:24 localhost kernel: Kernel is locked down from EFI secure boot; see man kernel_lockdown.7
Oct 02 02:18:24 localhost kernel: SMBIOS 3.1.1 present.
Oct 02 02:18:24 localhost kernel: DMI: Microsoft Corporation Virtual Machine/Virtual Machine, BIOS Hyper-V UEFI Release v4.0 01/30/2019
Oct 02 02:18:24 localhost kernel: Hypervisor detected: Microsoft Hyper-V
Oct 02 02:18:24 localhost kernel: Hyper-V: features 0x2e7f, hints 0x20e24
Oct 02 02:18:24 localhost kernel: Hyper-V Host Build:18362-10.0-0-0.356
Oct 02 02:18:24 localhost kernel: Hyper-V: LAPIC Timer Frequency: 0x30d40
Oct 02 02:18:24 localhost kernel: tsc: Marking TSC unstable due to running on Hyper-V
Oct 02 02:18:24 localhost kernel: Hyper-V: Using hypercall for remote TLB flush
Oct 02 02:18:24 localhost kernel: e820: update [mem 0x00000000-0x00000fff] usable ==> reserved
Oct 02 02:18:24 localhost kernel: e820: remove [mem 0x000a0000-0x000fffff] usable
Oct 02 02:18:24 localhost kernel: last_pfn = 0x208000 max_arch_pfn = 0x400000000
Oct 02 02:18:24 localhost kernel: MTRR default type: uncachable
Oct 02 02:18:24 localhost kernel: MTRR fixed ranges enabled:
Oct 02 02:18:24 localhost kernel:   00000-9FFFF write-back
Oct 02 02:18:24 localhost kernel:   A0000-FFFFF uncachable
Oct 02 02:18:24 localhost kernel: MTRR variable ranges enabled:
Oct 02 02:18:24 localhost kernel:   0 base 000000000000 mask 3FFF00000000 write-back
Oct 02 02:18:24 localhost kernel:   1 base 000100000000 mask 3FF000000000 write-back
Oct 02 02:18:24 localhost kernel:   2 disabled
Oct 02 02:18:24 localhost kernel:   3 disabled
Oct 02 02:18:24 localhost kernel:   4 disabled
Oct 02 02:18:24 localhost kernel:   5 disabled
Oct 02 02:18:24 localhost kernel:   6 disabled
Oct 02 02:18:24 localhost kernel:   7 disabled
Oct 02 02:18:24 localhost kernel: x86/PAT: Configuration [0-7]: WB  WC  UC- UC  WB  WP  UC- WT  
Oct 02 02:18:24 localhost kernel: last_pfn = 0xf8000 max_arch_pfn = 0x400000000
Oct 02 02:18:24 localhost kernel: Base memory trampoline at [(____ptrval____)] 99000 size 24576
Oct 02 02:18:24 localhost kernel: Using GB pages for direct mapping
Oct 02 02:18:24 localhost kernel: BRK [0x1b14f0000, 0x1b14f0fff] PGTABLE
Oct 02 02:18:24 localhost kernel: BRK [0x1b14f1000, 0x1b14f1fff] PGTABLE
Oct 02 02:18:24 localhost kernel: BRK [0x1b14f2000, 0x1b14f2fff] PGTABLE
Oct 02 02:18:24 localhost kernel: BRK [0x1b14f3000, 0x1b14f3fff] PGTABLE
Oct 02 02:18:24 localhost kernel: BRK [0x1b14f4000, 0x1b14f4fff] PGTABLE
Oct 02 02:18:24 localhost kernel: BRK [0x1b14f5000, 0x1b14f5fff] PGTABLE
Oct 02 02:18:24 localhost kernel: BRK [0x1b14f6000, 0x1b14f6fff] PGTABLE
Oct 02 02:18:24 localhost kernel: BRK [0x1b14f7000, 0x1b14f7fff] PGTABLE
Oct 02 02:18:24 localhost kernel: BRK [0x1b14f8000, 0x1b14f8fff] PGTABLE
Oct 02 02:18:24 localhost kernel: RAMDISK: [mem 0x3a70a000-0x3e0fbfff]
Oct 02 02:18:24 localhost kernel: ACPI: Early table checksum verification disabled
Oct 02 02:18:24 localhost kernel: ACPI: RSDP 0x00000000F7FFA014 000024 (v02 VRTUAL)
Oct 02 02:18:24 localhost kernel: ACPI: XSDT 0x00000000F7FF90E8 00005C (v01 VRTUAL MICROSFT 00000001 MSFT 00000001)
Oct 02 02:18:24 localhost kernel: ACPI: FACP 0x00000000F7FF8000 000114 (v06 VRTUAL MICROSFT 00000001 MSFT 00000001)
Oct 02 02:18:24 localhost kernel: ACPI: DSDT 0x00000000F6ED3000 01E0AA (v02 MSFTVM DSDT01   00000001 MSFT 05000000)
Oct 02 02:18:24 localhost kernel: ACPI: FACS 0x00000000F7FFE000 000040
Oct 02 02:18:24 localhost kernel: ACPI: APIC 0x00000000F7FF7000 000058 (v04 VRTUAL MICROSFT 00000001 MSFT 00000001)
Oct 02 02:18:24 localhost kernel: ACPI: OEM0 0x00000000F7FF6000 000064 (v01 VRTUAL MICROSFT 00000001 MSFT 00000001)
Oct 02 02:18:24 localhost kernel: ACPI: WAET 0x00000000F7FF5000 000028 (v01 VRTUAL MICROSFT 00000001 MSFT 00000001)
Oct 02 02:18:24 localhost kernel: ACPI: SRAT 0x00000000F7FF4000 000190 (v02 VRTUAL MICROSFT 00000001 MSFT 00000001)
Oct 02 02:18:24 localhost kernel: ACPI: BGRT 0x00000000F7FF3000 000038 (v01 VRTUAL MICROSFT 00000001 MSFT 00000001)
Oct 02 02:18:24 localhost kernel: ACPI: FPDT 0x00000000F6DD6000 000034 (v01 VRTUAL MICROSFT 00000001 MSFT 00000001)
Oct 02 02:18:24 localhost kernel: ACPI: Local APIC address 0xfee00000
Oct 02 02:18:24 localhost kernel: SRAT: PXM 0 -> APIC 0x00 -> Node 0
Oct 02 02:18:24 localhost kernel: SRAT: PXM 0 -> APIC 0x01 -> Node 0
Oct 02 02:18:24 localhost kernel: ACPI: SRAT: Node 0 PXM 0 [mem 0x00000000-0xf7ffffff] hotplug
Oct 02 02:18:24 localhost kernel: ACPI: SRAT: Node 0 PXM 0 [mem 0x100000000-0x207ffffff] hotplug
Oct 02 02:18:24 localhost kernel: ACPI: SRAT: Node 0 PXM 0 [mem 0x208000000-0xfdfffffff] hotplug
Oct 02 02:18:24 localhost kernel: ACPI: SRAT: Node 0 PXM 0 [mem 0x1000000000-0xffffffffff] hotplug
Oct 02 02:18:24 localhost kernel: ACPI: SRAT: Node 0 PXM 0 [mem 0x10000000000-0x1ffffffffff] hotplug
Oct 02 02:18:24 localhost kernel: ACPI: SRAT: Node 0 PXM 0 [mem 0x20000000000-0x3ffffffffff] hotplug
Oct 02 02:18:24 localhost kernel: ACPI: SRAT: Node 0 PXM 0 [mem 0x40000000000-0x7ffffffffff] hotplug
Oct 02 02:18:24 localhost kernel: ACPI: SRAT: Node 0 PXM 0 [mem 0x80000000000-0xfffffffffff] hotplug
Oct 02 02:18:24 localhost kernel: NUMA: Node 0 [mem 0x00000000-0xf7ffffff] + [mem 0x100000000-0x207ffffff] -> [mem 0x00000000-0x207ffffff]
Oct 02 02:18:24 localhost kernel: NODE_DATA(0) allocated [mem 0x207fd6000-0x207ffffff]
Oct 02 02:18:24 localhost kernel: Zone ranges:
Oct 02 02:18:24 localhost kernel:   DMA      [mem 0x0000000000001000-0x0000000000ffffff]
Oct 02 02:18:24 localhost kernel:   DMA32    [mem 0x0000000001000000-0x00000000ffffffff]
Oct 02 02:18:24 localhost kernel:   Normal   [mem 0x0000000100000000-0x0000000207ffffff]
Oct 02 02:18:24 localhost kernel:   Device   empty
Oct 02 02:18:24 localhost kernel: Movable zone start for each node
Oct 02 02:18:24 localhost kernel: Early memory node ranges
Oct 02 02:18:24 localhost kernel:   node   0: [mem 0x0000000000001000-0x000000000009ffff]
Oct 02 02:18:24 localhost kernel:   node   0: [mem 0x0000000000100000-0x00000000f6dd5fff]
Oct 02 02:18:24 localhost kernel:   node   0: [mem 0x00000000f6de3000-0x00000000f6ecbfff]
Oct 02 02:18:24 localhost kernel:   node   0: [mem 0x00000000f6f1b000-0x00000000f7f9afff]
Oct 02 02:18:24 localhost kernel:   node   0: [mem 0x00000000f7fff000-0x00000000f7ffffff]
Oct 02 02:18:24 localhost kernel:   node   0: [mem 0x0000000100000000-0x0000000207ffffff]
Oct 02 02:18:24 localhost kernel: Zeroed struct page in unavailable ranges: 289 pages
Oct 02 02:18:24 localhost kernel: Initmem setup node 0 [mem 0x0000000000001000-0x0000000207ffffff]
Oct 02 02:18:24 localhost kernel: On node 0 totalpages: 2096863
Oct 02 02:18:24 localhost kernel:   DMA zone: 64 pages used for memmap
Oct 02 02:18:24 localhost kernel:   DMA zone: 1344 pages reserved
Oct 02 02:18:24 localhost kernel:   DMA zone: 3999 pages, LIFO batch:0
Oct 02 02:18:24 localhost kernel:   DMA32 zone: 16320 pages used for memmap
Oct 02 02:18:24 localhost kernel:   DMA32 zone: 1011520 pages, LIFO batch:31
Oct 02 02:18:24 localhost kernel:   Normal zone: 16896 pages used for memmap
Oct 02 02:18:24 localhost kernel:   Normal zone: 1081344 pages, LIFO batch:31
Oct 02 02:18:24 localhost kernel: ACPI: PM-Timer IO Port: 0x408
Oct 02 02:18:24 localhost kernel: ACPI: Local APIC address 0xfee00000
Oct 02 02:18:24 localhost kernel: ACPI: LAPIC_NMI (acpi_id[0x01] dfl dfl lint[0x1])
Oct 02 02:18:24 localhost kernel: IOAPIC[0]: apic_id 2, version 17, address 0xfec00000, GSI 0-23
Oct 02 02:18:24 localhost kernel: ACPI: INT_SRC_OVR (bus 0 bus_irq 9 global_irq 9 high level)
Oct 02 02:18:24 localhost kernel: ACPI: IRQ9 used by override.
Oct 02 02:18:24 localhost kernel: Using ACPI (MADT) for SMP configuration information
Oct 02 02:18:24 localhost kernel: smpboot: Allowing 2 CPUs, 0 hotplug CPUs
Oct 02 02:18:24 localhost kernel: PM: Registered nosave memory: [mem 0x00000000-0x00000fff]
Oct 02 02:18:24 localhost kernel: PM: Registered nosave memory: [mem 0x000a0000-0x000bffff]
Oct 02 02:18:24 localhost kernel: PM: Registered nosave memory: [mem 0x000c0000-0x000fffff]
Oct 02 02:18:24 localhost kernel: PM: Registered nosave memory: [mem 0xf6dd6000-0xf6dd6fff]
Oct 02 02:18:24 localhost kernel: PM: Registered nosave memory: [mem 0xf6dd7000-0xf6de2fff]
Oct 02 02:18:24 localhost kernel: PM: Registered nosave memory: [mem 0xf6ecc000-0xf6ed2fff]
Oct 02 02:18:24 localhost kernel: PM: Registered nosave memory: [mem 0xf6ed3000-0xf6ef1fff]
Oct 02 02:18:24 localhost kernel: PM: Registered nosave memory: [mem 0xf6ef2000-0xf6f1afff]
Oct 02 02:18:24 localhost kernel: PM: Registered nosave memory: [mem 0xf7f9b000-0xf7ff2fff]
Oct 02 02:18:24 localhost kernel: PM: Registered nosave memory: [mem 0xf7ff3000-0xf7ffafff]
Oct 02 02:18:24 localhost kernel: PM: Registered nosave memory: [mem 0xf7ffb000-0xf7ffefff]
Oct 02 02:18:24 localhost kernel: PM: Registered nosave memory: [mem 0xf8000000-0xffffffff]
Oct 02 02:18:24 localhost kernel: [mem 0xf8000000-0xffffffff] available for PCI devices
Oct 02 02:18:24 localhost kernel: Booting paravirtualized kernel on bare hardware
Oct 02 02:18:24 localhost kernel: clocksource: refined-jiffies: mask: 0xffffffff max_cycles: 0xffffffff, max_idle_ns: 1910969940391419 ns
Oct 02 02:18:24 localhost kernel: random: get_random_bytes called from start_kernel+0x93/0x550 with crng_init=0
Oct 02 02:18:24 localhost kernel: setup_percpu: NR_CPUS:8192 nr_cpumask_bits:2 nr_cpu_ids:2 nr_node_ids:1
Oct 02 02:18:24 localhost kernel: percpu: Embedded 47 pages/cpu @(____ptrval____) s155648 r8192 d28672 u1048576
Oct 02 02:18:24 localhost kernel: pcpu-alloc: s155648 r8192 d28672 u1048576 alloc=1*2097152
Oct 02 02:18:24 localhost kernel: pcpu-alloc: [0] 0 1 
Oct 02 02:18:24 localhost kernel: Built 1 zonelists, mobility grouping on.  Total pages: 2062239
Oct 02 02:18:24 localhost kernel: Policy zone: Normal
Oct 02 02:18:24 localhost kernel: Kernel command line: BOOT_IMAGE=/ostree/rhcos-aef172cfb1a0ee1f282c1067a74adab2c9b931fad9b48b108c58cbeb47d5764d/vmlinuz-4.18.0-80.7.2.el8_0.x86_64 console=tty0 console=ttyS0,115200n8 rootflags=defaults,prjquota rw ignition.firstboot rd.neednet=1 ip=dhcp root=UUID=9213770d-ddd3-40f9-aeba-d6e8c6fec4c8 ostree=/ostree/boot.0/rhcos/aef172cfb1a0ee1f282c1067a74adab2c9b931fad9b48b108c58cbeb47d5764d/0 coreos.oem.id=metal ignition.platform.id=metal
Oct 02 02:18:24 localhost kernel: Specific versions of hardware are certified with Red Hat Enterprise Linux 8. Please see the list of hardware certified with Red Hat Enterprise Linux 8 at https://access.redhat.com/ecosystem.
Oct 02 02:18:24 localhost kernel: Memory: 4057940K/8387452K available (12292K kernel code, 2101K rwdata, 3820K rodata, 2356K init, 3320K bss, 297132K reserved, 0K cma-reserved)
Oct 02 02:18:24 localhost kernel: SLUB: HWalign=64, Order=0-3, MinObjects=0, CPUs=2, Nodes=1
Oct 02 02:18:24 localhost kernel: Kernel/User page tables isolation: enabled
Oct 02 02:18:24 localhost kernel: ftrace: allocating 34917 entries in 137 pages
Oct 02 02:18:24 localhost kernel: rcu: Hierarchical RCU implementation.
Oct 02 02:18:24 localhost kernel: rcu:         RCU restricting CPUs from NR_CPUS=8192 to nr_cpu_ids=2.
Oct 02 02:18:24 localhost kernel: rcu: RCU calculated value of scheduler-enlistment delay is 100 jiffies.
Oct 02 02:18:24 localhost kernel: rcu: Adjusting geometry for rcu_fanout_leaf=16, nr_cpu_ids=2
Oct 02 02:18:24 localhost kernel: Using NULL legacy PIC
Oct 02 02:18:24 localhost kernel: NR_IRQS: 524544, nr_irqs: 440, preallocated irqs: 0
Oct 02 02:18:24 localhost kernel: Console: colour dummy device 80x25
Oct 02 02:18:24 localhost kernel: console [tty0] enabled
Oct 02 02:18:24 localhost kernel: console [ttyS0] enabled
Oct 02 02:18:24 localhost kernel: ACPI: Core revision 20180531
Oct 02 02:18:24 localhost kernel: Failed to register legacy timer interrupt
Oct 02 02:18:24 localhost kernel: APIC: Switch to symmetric I/O mode setup
Oct 02 02:18:24 localhost kernel: Hyper-V: Using IPI hypercalls
Oct 02 02:18:24 localhost kernel: clocksource: hyperv_clocksource_tsc_page: mask: 0xffffffffffffffff max_cycles: 0x24e6a1710, max_idle_ns: 440795202120 ns
Oct 02 02:18:24 localhost kernel: tsc: Detected 3311.999 MHz processor
Oct 02 02:18:24 localhost kernel: Calibrating delay loop (skipped), value calculated using timer frequency.. 6623.99 BogoMIPS (lpj=3311999)
Oct 02 02:18:24 localhost kernel: pid_max: default: 32768 minimum: 301
Oct 02 02:18:24 localhost kernel: Security Framework initialized
Oct 02 02:18:24 localhost kernel: Yama: becoming mindful.
Oct 02 02:18:24 localhost kernel: SELinux:  Initializing.
Oct 02 02:18:24 localhost kernel: SELinux:  Starting in permissive mode
Oct 02 02:18:24 localhost kernel: Dentry cache hash table entries: 1048576 (order: 11, 8388608 bytes)
Oct 02 02:18:24 localhost kernel: Inode-cache hash table entries: 524288 (order: 10, 4194304 bytes)
Oct 02 02:18:24 localhost kernel: Mount-cache hash table entries: 16384 (order: 5, 131072 bytes)
Oct 02 02:18:24 localhost kernel: Mountpoint-cache hash table entries: 16384 (order: 5, 131072 bytes)
Oct 02 02:18:24 localhost kernel: Last level iTLB entries: 4KB 64, 2MB 8, 4MB 8
Oct 02 02:18:24 localhost kernel: Last level dTLB entries: 4KB 64, 2MB 0, 4MB 0, 1GB 4
Oct 02 02:18:24 localhost kernel: FEATURE SPEC_CTRL Present
Oct 02 02:18:24 localhost kernel: FEATURE IBPB_SUPPORT Present
Oct 02 02:18:24 localhost kernel: Spectre V1 : Mitigation: usercopy/swapgs barriers and __user pointer sanitization
Oct 02 02:18:24 localhost kernel: Spectre V2 : Using retpoline on Skylake-generation processors may not fully mitigate the vulnerability.
Oct 02 02:18:24 localhost kernel: Spectre V2 : Add the "spectre_v2=ibrs" kernel boot flag to enable IBRS on Skylake systems that need full mitigation.
Oct 02 02:18:24 localhost kernel: Spectre V2 : Mitigation: Full generic retpoline
Oct 02 02:18:24 localhost kernel: Spectre V2 : Spectre v2 / SpectreRSB mitigation: Filling RSB on context switch
Oct 02 02:18:24 localhost kernel: Spectre V2 : Enabling Restricted Speculation for firmware calls
Oct 02 02:18:24 localhost kernel: Spectre V2 : mitigation: Enabling conditional Indirect Branch Prediction Barrier
Oct 02 02:18:24 localhost kernel: Spectre V2 : User space: Mitigation: STIBP via seccomp and prctl
Oct 02 02:18:24 localhost kernel: Speculative Store Bypass: Mitigation: Speculative Store Bypass disabled via prctl and seccomp
Oct 02 02:18:24 localhost kernel: MDS: Vulnerable: Clear CPU buffers attempted, no microcode
Oct 02 02:18:24 localhost kernel: Freeing SMP alternatives memory: 32K
Oct 02 02:18:24 localhost kernel: smpboot: CPU0: Intel(R) Xeon(R) W-2155 CPU @ 3.30GHz (family: 0x6, model: 0x55, stepping: 0x4)
Oct 02 02:18:24 localhost kernel: Performance Events: unsupported p6 CPU model 85 no PMU driver, software events only.
Oct 02 02:18:24 localhost kernel: rcu: Hierarchical SRCU implementation.
Oct 02 02:18:24 localhost kernel: NMI watchdog: Perf event create on CPU 0 failed with -2
Oct 02 02:18:24 localhost kernel: NMI watchdog: Perf NMI watchdog permanently disabled
Oct 02 02:18:24 localhost kernel: smp: Bringing up secondary CPUs ...
Oct 02 02:18:24 localhost kernel: x86: Booting SMP configuration:
Oct 02 02:18:24 localhost kernel: .... node  #0, CPUs:      #1
Oct 02 02:18:24 localhost kernel: MDS CPU bug present and SMT on, data leak possible. See https://www.kernel.org/doc/html/latest/admin-guide/hw-vuln/mds.html for more details.
Oct 02 02:18:24 localhost kernel: smp: Brought up 1 node, 2 CPUs
Oct 02 02:18:24 localhost kernel: smpboot: Max logical packages: 1
Oct 02 02:18:24 localhost kernel: smpboot: Total of 2 processors activated (13247.99 BogoMIPS)
Oct 02 02:18:24 localhost kernel: node 0 initialised, 1008095 pages in 1ms
Oct 02 02:18:24 localhost kernel: devtmpfs: initialized
Oct 02 02:18:24 localhost kernel: x86/mm: Memory block size: 128MB
Oct 02 02:18:24 localhost kernel: PM: Registering ACPI NVS region [mem 0xf7ffb000-0xf7ffefff] (16384 bytes)
Oct 02 02:18:24 localhost kernel: clocksource: jiffies: mask: 0xffffffff max_cycles: 0xffffffff, max_idle_ns: 1911260446275000 ns
Oct 02 02:18:24 localhost kernel: futex hash table entries: 512 (order: 3, 32768 bytes)
Oct 02 02:18:24 localhost kernel: pinctrl core: initialized pinctrl subsystem
Oct 02 02:18:24 localhost kernel: NET: Registered protocol family 16
Oct 02 02:18:24 localhost kernel: audit: initializing netlink subsys (disabled)
Oct 02 02:18:24 localhost kernel: audit: type=2000 audit(1569982704.012:1): state=initialized audit_enabled=0 res=1
Oct 02 02:18:24 localhost kernel: cpuidle: using governor menu
Oct 02 02:18:24 localhost kernel: ACPI: bus type PCI registered
Oct 02 02:18:24 localhost kernel: acpiphp: ACPI Hot Plug PCI Controller Driver version: 0.5
Oct 02 02:18:24 localhost kernel: PCI: Fatal: No config space access function found
Oct 02 02:18:24 localhost kernel: HugeTLB registered 1.00 GiB page size, pre-allocated 0 pages
Oct 02 02:18:24 localhost kernel: HugeTLB registered 2.00 MiB page size, pre-allocated 0 pages
Oct 02 02:18:24 localhost kernel: cryptd: max_cpu_qlen set to 1000
Oct 02 02:18:24 localhost kernel: ACPI: Added _OSI(Module Device)
Oct 02 02:18:24 localhost kernel: ACPI: Added _OSI(Processor Device)
Oct 02 02:18:24 localhost kernel: ACPI: Added _OSI(3.0 _SCP Extensions)
Oct 02 02:18:24 localhost kernel: ACPI: Added _OSI(Processor Aggregator Device)
Oct 02 02:18:24 localhost kernel: ACPI: Added _OSI(Linux-Dell-Video)
Oct 02 02:18:24 localhost kernel: ACPI: 1 ACPI AML tables successfully acquired and loaded
Oct 02 02:18:24 localhost kernel: ACPI: Interpreter enabled
Oct 02 02:18:24 localhost kernel: ACPI: (supports S0 S5)
Oct 02 02:18:24 localhost kernel: ACPI: Using IOAPIC for interrupt routing
Oct 02 02:18:24 localhost kernel: PCI: Using host bridge windows from ACPI; if necessary, use "pci=nocrs" and report a bug
Oct 02 02:18:24 localhost kernel: ACPI: Enabled 1 GPEs in block 00 to 0F
Oct 02 02:18:24 localhost kernel: vgaarb: loaded
Oct 02 02:18:24 localhost kernel: SCSI subsystem initialized
Oct 02 02:18:24 localhost kernel: ACPI: bus type USB registered
Oct 02 02:18:24 localhost kernel: usbcore: registered new interface driver usbfs
Oct 02 02:18:24 localhost kernel: usbcore: registered new interface driver hub
Oct 02 02:18:24 localhost kernel: usbcore: registered new device driver usb
Oct 02 02:18:24 localhost kernel: pps_core: LinuxPPS API ver. 1 registered
Oct 02 02:18:24 localhost kernel: pps_core: Software ver. 5.3.6 - Copyright 2005-2007 Rodolfo Giometti <giometti@linux.it>
Oct 02 02:18:24 localhost kernel: PTP clock support registered
Oct 02 02:18:24 localhost kernel: EDAC MC: Ver: 3.0.0
Oct 02 02:18:24 localhost kernel: Registered efivars operations
Oct 02 02:18:24 localhost kernel: PCI: Using ACPI for IRQ routing
Oct 02 02:18:24 localhost kernel: PCI: System does not support PCI
Oct 02 02:18:24 localhost kernel: NetLabel: Initializing
Oct 02 02:18:24 localhost kernel: NetLabel:  domain hash size = 128
Oct 02 02:18:24 localhost kernel: NetLabel:  protocols = UNLABELED CIPSOv4 CALIPSO
Oct 02 02:18:24 localhost kernel: NetLabel:  unlabeled traffic allowed by default
Oct 02 02:18:24 localhost kernel: clocksource: Switched to clocksource hyperv_clocksource_tsc_page
Oct 02 02:18:24 localhost kernel: VFS: Disk quotas dquot_6.6.0
Oct 02 02:18:24 localhost kernel: VFS: Dquot-cache hash table entries: 512 (order 0, 4096 bytes)
Oct 02 02:18:24 localhost kernel: pnp: PnP ACPI init
Oct 02 02:18:24 localhost kernel: pnp 00:00: Plug and Play ACPI device, IDs PNP0b00 (active)
Oct 02 02:18:24 localhost kernel: pnp: PnP ACPI: found 1 devices
Oct 02 02:18:24 localhost kernel: clocksource: acpi_pm: mask: 0xffffff max_cycles: 0xffffff, max_idle_ns: 2085701024 ns
Oct 02 02:18:24 localhost kernel: NET: Registered protocol family 2
Oct 02 02:18:24 localhost kernel: tcp_listen_portaddr_hash hash table entries: 4096 (order: 4, 65536 bytes)
Oct 02 02:18:24 localhost kernel: TCP established hash table entries: 65536 (order: 7, 524288 bytes)
Oct 02 02:18:24 localhost kernel: TCP bind hash table entries: 65536 (order: 8, 1048576 bytes)
Oct 02 02:18:24 localhost kernel: TCP: Hash tables configured (established 65536 bind 65536)
Oct 02 02:18:24 localhost kernel: UDP hash table entries: 4096 (order: 5, 131072 bytes)
Oct 02 02:18:24 localhost kernel: UDP-Lite hash table entries: 4096 (order: 5, 131072 bytes)
Oct 02 02:18:24 localhost kernel: NET: Registered protocol family 1
Oct 02 02:18:24 localhost kernel: NET: Registered protocol family 44
Oct 02 02:18:24 localhost kernel: PCI: CLS 0 bytes, default 64
Oct 02 02:18:24 localhost kernel: Unpacking initramfs...
Oct 02 02:18:24 localhost kernel: Freeing initrd memory: 59336K
Oct 02 02:18:24 localhost kernel: PCI-DMA: Using software bounce buffering for IO (SWIOTLB)
Oct 02 02:18:24 localhost kernel: software IO TLB: mapped [mem 0xf2b0f000-0xf6b0f000] (64MB)
Oct 02 02:18:24 localhost kernel: Initialise system trusted keyrings
Oct 02 02:18:24 localhost kernel: Key type blacklist registered
Oct 02 02:18:24 localhost kernel: workingset: timestamp_bits=36 max_order=21 bucket_order=0
Oct 02 02:18:24 localhost kernel: zbud: loaded
Oct 02 02:18:24 localhost kernel: pstore: using deflate compression
Oct 02 02:18:24 localhost kernel: SELinux:  Registering netfilter hooks
Oct 02 02:18:24 localhost kernel: Platform Keyring initialized
Oct 02 02:18:24 localhost kernel: NET: Registered protocol family 38
Oct 02 02:18:24 localhost kernel: Key type asymmetric registered
Oct 02 02:18:24 localhost kernel: Asymmetric key parser 'x509' registered
Oct 02 02:18:24 localhost kernel: Block layer SCSI generic (bsg) driver version 0.4 loaded (major 246)
Oct 02 02:18:24 localhost kernel: io scheduler mq-deadline registered
Oct 02 02:18:24 localhost kernel: io scheduler kyber registered
Oct 02 02:18:24 localhost kernel: io scheduler bfq registered
Oct 02 02:18:24 localhost kernel: atomic64_test: passed for x86-64 platform with CX8 and with SSE
Oct 02 02:18:24 localhost kernel: shpchp: Standard Hot Plug PCI Controller Driver version: 0.4
Oct 02 02:18:24 localhost kernel: efifb: probing for efifb
Oct 02 02:18:24 localhost kernel: efifb: framebuffer at 0xf8000000, using 3072k, total 3072k
Oct 02 02:18:24 localhost kernel: efifb: mode is 1024x768x32, linelength=4096, pages=1
Oct 02 02:18:24 localhost kernel: efifb: scrolling: redraw
Oct 02 02:18:24 localhost kernel: efifb: Truecolor: size=8:8:8:8, shift=24:16:8:0
Oct 02 02:18:24 localhost kernel: Console: switching to colour frame buffer device 128x48
Oct 02 02:18:24 localhost kernel: fb0: EFI VGA frame buffer device
Oct 02 02:18:24 localhost kernel: intel_idle: Please enable MWAIT in BIOS SETUP
Oct 02 02:18:24 localhost kernel: Serial: 8250/16550 driver, 4 ports, IRQ sharing enabled
Oct 02 02:18:24 localhost kernel: Non-volatile memory driver v1.3
Oct 02 02:18:24 localhost kernel: Linux agpgart interface v0.103
Oct 02 02:18:24 localhost kernel: rdac: device handler registered
Oct 02 02:18:24 localhost kernel: hp_sw: device handler registered
Oct 02 02:18:24 localhost kernel: emc: device handler registered
Oct 02 02:18:24 localhost kernel: alua: device handler registered
Oct 02 02:18:24 localhost kernel: libphy: Fixed MDIO Bus: probed
Oct 02 02:18:24 localhost kernel: ehci_hcd: USB 2.0 'Enhanced' Host Controller (EHCI) Driver
Oct 02 02:18:24 localhost kernel: ehci-pci: EHCI PCI platform driver
Oct 02 02:18:24 localhost kernel: ohci_hcd: USB 1.1 'Open' Host Controller (OHCI) Driver
Oct 02 02:18:24 localhost kernel: ohci-pci: OHCI PCI platform driver
Oct 02 02:18:24 localhost kernel: uhci_hcd: USB Universal Host Controller Interface driver
Oct 02 02:18:24 localhost kernel: usbcore: registered new interface driver usbserial_generic
Oct 02 02:18:24 localhost kernel: usbserial: USB Serial support registered for generic
Oct 02 02:18:24 localhost kernel: i8042: PNP: No PS/2 controller found.
Oct 02 02:18:24 localhost kernel: mousedev: PS/2 mouse device common for all mice
Oct 02 02:18:24 localhost kernel: rtc_cmos 00:00: RTC can wake from S4
Oct 02 02:18:24 localhost kernel: rtc_cmos 00:00: registered as rtc0
Oct 02 02:18:24 localhost kernel: rtc_cmos 00:00: alarms up to one month, 114 bytes nvram
Oct 02 02:18:24 localhost kernel: EFI Variables Facility v0.08 2004-May-17
Oct 02 02:18:24 localhost kernel: hidraw: raw HID events driver (C) Jiri Kosina
Oct 02 02:18:24 localhost kernel: usbcore: registered new interface driver usbhid
Oct 02 02:18:24 localhost kernel: usbhid: USB HID core driver
Oct 02 02:18:24 localhost kernel: drop_monitor: Initializing network drop monitor service
Oct 02 02:18:24 localhost kernel: Initializing XFRM netlink socket
Oct 02 02:18:24 localhost kernel: NET: Registered protocol family 10
Oct 02 02:18:24 localhost kernel: Segment Routing with IPv6
Oct 02 02:18:24 localhost kernel: NET: Registered protocol family 17
Oct 02 02:18:24 localhost kernel: mpls_gso: MPLS GSO support
Oct 02 02:18:24 localhost kernel: mce: Using 1 MCE banks
Oct 02 02:18:24 localhost kernel: RAS: Correctable Errors collector initialized.
Oct 02 02:18:24 localhost kernel: AVX2 version of gcm_enc/dec engaged.
Oct 02 02:18:24 localhost kernel: AES CTR mode by8 optimization enabled
Oct 02 02:18:24 localhost kernel: registered taskstats version 1
Oct 02 02:18:24 localhost kernel: Loading compiled-in X.509 certificates
Oct 02 02:18:24 localhost kernel: Loaded X.509 cert 'Red Hat Enterprise Linux kernel signing key: 3741e4a84344b957b3ee3ac89e0b0e9c46deb001'
Oct 02 02:18:24 localhost kernel: Loaded X.509 cert 'Red Hat Enterprise Linux Driver Update Program (key 3): bf57f3e87362bc7229d9f465321773dfd1f77a80'
Oct 02 02:18:24 localhost kernel: Loaded X.509 cert 'Red Hat Enterprise Linux kpatch signing key: 4d38fd864ebe18c5f0b72e3852e2014c3a676fc8'
Oct 02 02:18:24 localhost kernel: zswap: loaded using pool lzo/zbud
Oct 02 02:18:24 localhost kernel: Key type big_key registered
Oct 02 02:18:24 localhost kernel: Key type trusted registered
Oct 02 02:18:24 localhost kernel: Key type encrypted registered
Oct 02 02:18:24 localhost kernel: integrity: Loading X.509 certificate: UEFI:db
Oct 02 02:18:24 localhost kernel: integrity: Loaded X.509 cert 'Microsoft Corporation UEFI CA 2011: 13adbf4309bd82709c8cd54f316ed522988a1bd4'
Oct 02 02:18:24 localhost kernel: integrity: Loading X.509 certificate: UEFI:MokListRT
Oct 02 02:18:24 localhost kernel: integrity: Loaded X.509 cert 'Red Hat Secure Boot (CA key 1): 4016841644ce3a810408050766e8f8a29c65f85c'
Oct 02 02:18:24 localhost kernel: ima: No TPM chip found, activating TPM-bypass! (rc=-19)
Oct 02 02:18:24 localhost kernel: ima: Allocated hash algorithm: sha1
Oct 02 02:18:24 localhost kernel: evm: Initialising EVM extended attributes:
Oct 02 02:18:24 localhost kernel: evm: security.selinux
Oct 02 02:18:24 localhost kernel: evm: security.ima
Oct 02 02:18:24 localhost kernel: evm: security.capability
Oct 02 02:18:24 localhost kernel: evm: HMAC attrs: 0x1
Oct 02 02:18:24 localhost kernel: rtc_cmos 00:00: setting system clock to 2019-10-02 02:18:24 UTC (1569982704)
Oct 02 02:18:24 localhost kernel: Lockdown: swapper/0: Hibernation is restricted; see man kernel_lockdown.7
Oct 02 02:18:24 localhost kernel: Unstable clock detected, switching default tracing clock to "global"
                                  If you want to keep using the local clock, then add:
                                    "trace_clock=local"
                                  on the kernel command line
Oct 02 02:18:24 localhost kernel: Freeing unused kernel memory: 2356K
Oct 02 02:18:24 localhost kernel: Write protecting the kernel read-only data: 18432k
Oct 02 02:18:24 localhost kernel: Freeing unused kernel memory: 2020K
Oct 02 02:18:24 localhost kernel: Freeing unused kernel memory: 276K
Oct 02 02:18:24 localhost systemd-journald[221]: Missed 6 kernel messages
-- Subject: Journal messages have been missed
-- Defined-By: systemd
-- Support: https://access.redhat.com/support
-- 
-- Kernel messages have been lost as the journal system has been unable
-- to process them quickly enough.
Oct 02 02:18:24 localhost kernel: random: systemd: uninitialized urandom read (16 bytes read)
Oct 02 02:18:24 localhost systemd-journald[221]: Missed 1 kernel messages
-- Subject: Journal messages have been missed
-- Defined-By: systemd
-- Support: https://access.redhat.com/support
-- 
-- Kernel messages have been lost as the journal system has been unable
-- to process them quickly enough.
Oct 02 02:18:24 localhost kernel: random: systemd: uninitialized urandom read (16 bytes read)
Oct 02 02:18:24 localhost systemd-journald[221]: Missed 1 kernel messages
-- Subject: Journal messages have been missed
-- Defined-By: systemd
-- Support: https://access.redhat.com/support
-- 
-- Kernel messages have been lost as the journal system has been unable
-- to process them quickly enough.
Oct 02 02:18:24 localhost kernel: random: systemd: uninitialized urandom read (16 bytes read)
Oct 02 02:18:24 localhost systemd-journald[221]: Missed 3 kernel messages
-- Subject: Journal messages have been missed
-- Defined-By: systemd
-- Support: https://access.redhat.com/support
-- 
-- Kernel messages have been lost as the journal system has been unable
-- to process them quickly enough.
Oct 02 02:18:24 localhost kernel: Loading iSCSI transport class v2.0-870.
Oct 02 02:18:24 localhost systemd-journald[221]: Journal started
-- Subject: The journal has been started
-- Defined-By: systemd
-- Support: https://access.redhat.com/support
-- 
-- The system journal process has started up, opened the journal
-- files for writing and is now ready to process requests.
Oct 02 02:18:24 localhost systemd-journald[221]: Runtime journal (/run/log/journal/d4f72b40115e4b6d965207ae53700db2) is 8.0M, max 398.6M, 390.6M free.
-- Subject: Disk space used by the journal
-- Defined-By: systemd
-- Support: https://access.redhat.com/support
-- 
-- Runtime journal (/run/log/journal/d4f72b40115e4b6d965207ae53700db2) is currently using 8.0M.
-- Maximum allowed usage is set to 398.6M.
-- Leaving at least 597.9M free (of currently available 3.8G of disk space).
-- Enforced usage limit is thus 398.6M, of which 390.6M are still available.
-- 
-- The limits controlling how much disk space is used by the journal may
-- be configured with SystemMaxUse=, SystemKeepFree=, SystemMaxFileSize=,
-- RuntimeMaxUse=, RuntimeKeepFree=, RuntimeMaxFileSize= settings in
-- /etc/systemd/journald.conf. See journald.conf(5) for details.
Oct 02 02:18:24 localhost systemd[226]: dracut-cmdline-ask.service: Failed at step STDIN spawning /bin/dracut-cmdline-ask: Inappropriate ioctl for device
-- Subject: Process /bin/dracut-cmdline-ask could not be executed
-- Defined-By: systemd
-- Support: https://access.redhat.com/support
-- 
-- The process /bin/dracut-cmdline-ask could not be executed and failed.
-- 
-- The error number returned by this process is 25.
Oct 02 02:18:24 localhost dracut-cmdline[238]: dracut-42.80.20190828.2 dracut-049-10.git20190115.el8
Oct 02 02:18:24 localhost dracut-cmdline[238]: Using kernel command line parameters: rd.driver.pre=dm_multipath BOOT_IMAGE=/ostree/rhcos-aef172cfb1a0ee1f282c1067a74adab2c9b931fad9b48b108c58cbeb47d5764d/vmlinuz-4.18.0-80.7.2.el8_0.x86_64 console=tty0 console=ttyS0,115200n8 rootflags=defaults,prjquota rw ignition.firstboot rd.neednet=1 ip=dhcp root=UUID=9213770d-ddd3-40f9-aeba-d6e8c6fec4c8 ostree=/ostree/boot.0/rhcos/aef172cfb1a0ee1f282c1067a74adab2c9b931fad9b48b108c58cbeb47d5764d/0 coreos.oem.id=metal ignition.platform.id=metal
Oct 02 02:18:25 localhost systemd-journald[221]: Missed 3 kernel messages
-- Subject: Journal messages have been missed
-- Defined-By: systemd
-- Support: https://access.redhat.com/support
-- 
-- Kernel messages have been lost as the journal system has been unable
-- to process them quickly enough.
Oct 02 02:18:25 localhost kernel: iscsi: registered transport (tcp)
Oct 02 02:18:25 localhost kernel: iscsi: registered transport (qla4xxx)
Oct 02 02:18:25 localhost kernel: QLogic iSCSI HBA Driver
Oct 02 02:18:25 localhost kernel: libcxgbi:libcxgbi_init_module: Chelsio iSCSI driver library libcxgbi v0.9.1-ko (Apr. 2015)
Oct 02 02:18:25 localhost kernel: Chelsio T4-T6 iSCSI Driver cxgb4i v0.9.5-ko (Apr. 2015)
Oct 02 02:18:25 localhost kernel: iscsi: registered transport (cxgb4i)
Oct 02 02:18:25 localhost kernel: cnic: QLogic cnicDriver v2.5.22 (July 20, 2015)
Oct 02 02:18:25 localhost kernel: QLogic NetXtreme II iSCSI Driver bnx2i v2.7.10.1 (Jul 16, 2014)
Oct 02 02:18:25 localhost kernel: iscsi: registered transport (bnx2i)
Oct 02 02:18:25 localhost kernel: iscsi: registered transport (be2iscsi)
Oct 02 02:18:25 localhost kernel: In beiscsi_module_init, tt=(____ptrval____)
Oct 02 02:18:25 localhost systemd[1]: Started dracut cmdline hook.
-- Subject: Unit dracut-cmdline.service has finished start-up
-- Defined-By: systemd
-- Support: https://access.redhat.com/support
-- 
-- Unit dracut-cmdline.service has finished starting up.
-- 
-- The start-up result is RESULT.
Oct 02 02:18:25 localhost systemd[1]: Starting dracut pre-udev hook...
-- Subject: Unit dracut-pre-udev.service has begun start-up
-- Defined-By: systemd
-- Support: https://access.redhat.com/support
-- 
-- Unit dracut-pre-udev.service has begun starting up.
Oct 02 02:18:25 localhost systemd-journald[221]: Missed 2 kernel messages
-- Subject: Journal messages have been missed
-- Defined-By: systemd
-- Support: https://access.redhat.com/support
-- 
-- Kernel messages have been lost as the journal system has been unable
-- to process them quickly enough.
Oct 02 02:18:25 localhost kernel: device-mapper: uevent: version 1.0.3
Oct 02 02:18:25 localhost kernel: device-mapper: ioctl: 4.39.0-ioctl (2018-04-03) initialised: dm-devel@redhat.com
Oct 02 02:18:25 localhost systemd[1]: Started dracut pre-udev hook.
-- Subject: Unit dracut-pre-udev.service has finished start-up
-- Defined-By: systemd
-- Support: https://access.redhat.com/support
-- 
-- Unit dracut-pre-udev.service has finished starting up.
-- 
-- The start-up result is RESULT.
Oct 02 02:18:25 localhost systemd[1]: Starting udev Kernel Device Manager...
-- Subject: Unit systemd-udevd.service has begun start-up
-- Defined-By: systemd
-- Support: https://access.redhat.com/support
-- 
-- Unit systemd-udevd.service has begun starting up.
Oct 02 02:18:25 localhost systemd-udevd[444]: Specified group 'tty' unknown
Oct 02 02:18:25 localhost systemd-udevd[444]: Specified group 'kmem' unknown
Oct 02 02:18:25 localhost systemd-udevd[444]: Specified group 'input' unknown
Oct 02 02:18:25 localhost systemd-udevd[444]: Specified group 'video' unknown
Oct 02 02:18:25 localhost systemd-udevd[444]: Specified group 'render' unknown
Oct 02 02:18:25 localhost systemd-udevd[444]: Specified group 'audio' unknown
Oct 02 02:18:25 localhost systemd-udevd[444]: Specified group 'lp' unknown
Oct 02 02:18:25 localhost systemd-udevd[444]: Specified group 'disk' unknown
Oct 02 02:18:25 localhost systemd-udevd[444]: Specified group 'kvm' unknown
Oct 02 02:18:25 localhost systemd[1]: Started udev Kernel Device Manager.
-- Subject: Unit systemd-udevd.service has finished start-up
-- Defined-By: systemd
-- Support: https://access.redhat.com/support
-- 
-- Unit systemd-udevd.service has finished starting up.
-- 
-- The start-up result is RESULT.
Oct 02 02:18:25 localhost systemd[1]: Starting dracut pre-trigger hook...
-- Subject: Unit dracut-pre-trigger.service has begun start-up
-- Defined-By: systemd
-- Support: https://access.redhat.com/support
-- 
-- Unit dracut-pre-trigger.service has begun starting up.
Oct 02 02:18:25 localhost dracut-pre-trigger[449]: rd.md=0: removing MD RAID activation
Oct 02 02:18:25 localhost systemd[1]: Started dracut pre-trigger hook.
-- Subject: Unit dracut-pre-trigger.service has finished start-up
-- Defined-By: systemd
-- Support: https://access.redhat.com/support
-- 
-- Unit dracut-pre-trigger.service has finished starting up.
-- 
-- The start-up result is RESULT.
Oct 02 02:18:25 localhost systemd[1]: Starting udev Coldplug all Devices...
-- Subject: Unit systemd-udev-trigger.service has begun start-up
-- Defined-By: systemd
-- Support: https://access.redhat.com/support
-- 
-- Unit systemd-udev-trigger.service has begun starting up.
Oct 02 02:18:25 localhost systemd-udevd[444]: Specified group 'tty' unknown
Oct 02 02:18:25 localhost systemd-udevd[444]: Specified group 'kmem' unknown
Oct 02 02:18:25 localhost systemd-udevd[444]: Specified group 'input' unknown
Oct 02 02:18:25 localhost systemd-udevd[444]: Specified group 'video' unknown
Oct 02 02:18:25 localhost systemd-udevd[444]: Specified group 'render' unknown
Oct 02 02:18:25 localhost systemd-udevd[444]: Specified group 'audio' unknown
Oct 02 02:18:25 localhost systemd-udevd[444]: Specified group 'lp' unknown
Oct 02 02:18:25 localhost systemd-udevd[444]: Specified group 'disk' unknown
Oct 02 02:18:25 localhost systemd-udevd[444]: Specified group 'kvm' unknown
Oct 02 02:18:25 localhost systemd[1]: Started udev Coldplug all Devices.
-- Subject: Unit systemd-udev-trigger.service has finished start-up
-- Defined-By: systemd
-- Support: https://access.redhat.com/support
-- 
-- Unit systemd-udev-trigger.service has finished starting up.
-- 
-- The start-up result is RESULT.
Oct 02 02:18:25 localhost systemd[1]: Starting udev Wait for Complete Device Initialization...
-- Subject: Unit systemd-udev-settle.service has begun start-up
-- Defined-By: systemd
-- Support: https://access.redhat.com/support
-- 
-- Unit systemd-udev-settle.service has begun starting up.
Oct 02 02:18:25 localhost systemd[1]: Mounting Kernel Configuration File System...
-- Subject: Unit sys-kernel-config.mount has begun start-up
-- Defined-By: systemd
-- Support: https://access.redhat.com/support
-- 
-- Unit sys-kernel-config.mount has begun starting up.
Oct 02 02:18:25 localhost systemd-journald[221]: Missed 5 kernel messages
-- Subject: Journal messages have been missed
-- Defined-By: systemd
-- Support: https://access.redhat.com/support
-- 
-- Kernel messages have been lost as the journal system has been unable
-- to process them quickly enough.
Oct 02 02:18:25 localhost kernel: hv_vmbus: Vmbus version:5.0
Oct 02 02:18:25 localhost systemd[1]: Mounted Kernel Configuration File System.
-- Subject: Unit sys-kernel-config.mount has finished start-up
-- Defined-By: systemd
-- Support: https://access.redhat.com/support
-- 
-- Unit sys-kernel-config.mount has finished starting up.
-- 
-- The start-up result is RESULT.
Oct 02 02:18:25 localhost systemd-udevd[500]: link_config: autonegotiation is unset or enabled, the speed and duplex are not writable.
Oct 02 02:18:25 localhost kernel: hv_vmbus: registering driver hid_hyperv
Oct 02 02:18:25 localhost kernel: input: Microsoft Vmbus HID-compliant Mouse as /devices/0006:045E:0621.0001/input/input0
Oct 02 02:18:25 localhost kernel: hv_vmbus: registering driver hyperv_keyboard
Oct 02 02:18:25 localhost kernel: hid-generic 0006:045E:0621.0001: input: <UNKNOWN> HID v0.01 Mouse [Microsoft Vmbus HID-compliant Mouse] on 
Oct 02 02:18:25 localhost kernel: input: AT Translated Set 2 keyboard as /devices/LNXSYSTM:00/LNXSYBUS:00/ACPI0004:00/VMBUS:00/d34b2567-b9b6-42b9-8778-0a4ec0b955bf/serio0/input/input1
Oct 02 02:18:25 localhost kernel: hv_vmbus: registering driver hv_netvsc
Oct 02 02:18:25 localhost kernel: hv_vmbus: registering driver hv_storvsc
Oct 02 02:18:25 localhost kernel: scsi host0: storvsc_host_t
Oct 02 02:18:25 localhost kernel: scsi 0:0:0:0: Direct-Access     Msft     Virtual Disk     1.0  PQ: 0 ANSI: 5
Oct 02 02:18:25 localhost kernel: scsi 0:0:0:1: CD-ROM            Msft     Virtual DVD-ROM  1.0  PQ: 0 ANSI: 0
Oct 02 02:18:25 localhost systemd-udevd[494]: link_config: autonegotiation is unset or enabled, the speed and duplex are not writable.
Oct 02 02:18:25 localhost systemd-udevd[499]: Process '/sbin/modprobe -bv sg' failed with exit code 1.
Oct 02 02:18:25 localhost kernel: sd 0:0:0:0: [sda] 266338304 512-byte logical blocks: (136 GB/127 GiB)
Oct 02 02:18:25 localhost kernel: sd 0:0:0:0: [sda] 4096-byte physical blocks
Oct 02 02:18:25 localhost kernel: sd 0:0:0:0: [sda] Write Protect is off
Oct 02 02:18:25 localhost kernel: sd 0:0:0:0: [sda] Mode Sense: 0f 00 00 00
Oct 02 02:18:25 localhost kernel: sd 0:0:0:0: [sda] Write cache: enabled, read cache: enabled, doesn't support DPO or FUA
Oct 02 02:18:25 localhost systemd-udevd[499]: Process '/sbin/modprobe -bv sg' failed with exit code 1.
Oct 02 02:18:25 localhost systemd-udevd[501]: Process '/sbin/modprobe -bv sg' failed with exit code 1.
Oct 02 02:18:25 localhost kernel: GPT:Primary header thinks Alt. header is not at the end of the disk.
Oct 02 02:18:25 localhost kernel: GPT:6162431 != 266338303
Oct 02 02:18:25 localhost kernel: GPT:Alternate GPT header not at the end of the disk.
Oct 02 02:18:25 localhost kernel: GPT:6162431 != 266338303
Oct 02 02:18:25 localhost kernel: GPT: Use GNU Parted to correct GPT errors.
Oct 02 02:18:25 localhost kernel:  sda: sda1 sda2 sda3
Oct 02 02:18:25 localhost kernel: sr 0:0:0:1: [sr0] scsi-1 drive
Oct 02 02:18:25 localhost kernel: cdrom: Uniform CD-ROM driver Revision: 3.20
Oct 02 02:18:25 localhost kernel: random: fast init done
Oct 02 02:18:25 localhost kernel: sr 0:0:0:1: Attached scsi CD-ROM sr0
Oct 02 02:18:25 localhost kernel: sd 0:0:0:0: [sda] Attached SCSI disk
Oct 02 02:18:25 localhost systemd-udevd[500]: Process '/sbin/modprobe -bv sg' failed with exit code 1.
Oct 02 02:18:25 localhost systemd[1]: Found device Virtual_Disk root.
-- Subject: Unit dev-disk-by\x2duuid-9213770d\x2dddd3\x2d40f9\x2daeba\x2dd6e8c6fec4c8.device has finished start-up
-- Defined-By: systemd
-- Support: https://access.redhat.com/support
-- 
-- Unit dev-disk-by\x2duuid-9213770d\x2dddd3\x2d40f9\x2daeba\x2dd6e8c6fec4c8.device has finished starting up.
-- 
-- The start-up result is RESULT.
Oct 02 02:18:25 localhost systemd[1]: Found device Virtual_Disk boot.
-- Subject: Unit dev-disk-by\x2dlabel-boot.device has finished start-up
-- Defined-By: systemd
-- Support: https://access.redhat.com/support
-- 
-- Unit dev-disk-by\x2dlabel-boot.device has finished starting up.
-- 
-- The start-up result is RESULT.
Oct 02 02:18:25 localhost systemd-udevd[499]: Process '/sbin/modprobe -bv sg' failed with exit code 1.
Oct 02 02:18:25 localhost systemd[1]: Starting Ignition (setup)...
-- Subject: Unit ignition-setup.service has begun start-up
-- Defined-By: systemd
-- Support: https://access.redhat.com/support
-- 
-- Unit ignition-setup.service has begun starting up.
Oct 02 02:18:25 localhost systemd[1]: Reached target Initrd Root Device.
-- Subject: Unit initrd-root-device.target has finished start-up
-- Defined-By: systemd
-- Support: https://access.redhat.com/support
-- 
-- Unit initrd-root-device.target has finished starting up.
-- 
-- The start-up result is RESULT.
Oct 02 02:18:25 localhost ignition-setup[555]: File /usr/lib/ignition/platform/metal/base.ign does not exist.. Skipping copy
Oct 02 02:18:25 localhost systemd[1]: Started udev Wait for Complete Device Initialization.
-- Subject: Unit systemd-udev-settle.service has finished start-up
-- Defined-By: systemd
-- Support: https://access.redhat.com/support
-- 
-- Unit systemd-udev-settle.service has finished starting up.
-- 
-- The start-up result is RESULT.
Oct 02 02:18:25 localhost systemd[1]: Starting Device-Mapper Multipath Device Controller...
-- Subject: Unit multipathd.service has begun start-up
-- Defined-By: systemd
-- Support: https://access.redhat.com/support
-- 
-- Unit multipathd.service has begun starting up.
Oct 02 02:18:25 localhost systemd[1]: Started Device-Mapper Multipath Device Controller.
-- Subject: Unit multipathd.service has finished start-up
-- Defined-By: systemd
-- Support: https://access.redhat.com/support
-- 
-- Unit multipathd.service has finished starting up.
-- 
-- The start-up result is RESULT.
Oct 02 02:18:25 localhost systemd[1]: Starting Open-iSCSI...
-- Subject: Unit iscsid.service has begun start-up
-- Defined-By: systemd
-- Support: https://access.redhat.com/support
-- 
-- Unit iscsid.service has begun starting up.
Oct 02 02:18:25 localhost multipathd[561]: --------start up--------
Oct 02 02:18:25 localhost multipathd[561]: read /etc/multipath.conf
Oct 02 02:18:25 localhost multipathd[561]: /etc/multipath.conf does not exist, blacklisting all devices.
Oct 02 02:18:25 localhost multipathd[561]: You can run "/sbin/mpathconf --enable" to create
Oct 02 02:18:25 localhost multipathd[561]: /etc/multipath.conf. See man mpathconf(8) for more details
Oct 02 02:18:25 localhost multipathd[561]: path checkers start up
Oct 02 02:18:25 localhost multipathd[561]: /etc/multipath.conf does not exist, blacklisting all devices.
Oct 02 02:18:25 localhost multipathd[561]: You can run "/sbin/mpathconf --enable" to create
Oct 02 02:18:25 localhost multipathd[561]: /etc/multipath.conf. See man mpathconf(8) for more details
Oct 02 02:18:25 localhost iscsid[562]: iSCSI logger with pid=569 started!
Oct 02 02:18:25 localhost iscsid[569]: iSCSI daemon with pid=570 started!
Oct 02 02:18:25 localhost iscsid[569]: can't open InitiatorName configuration file /etc/iscsi/initiatorname.iscsi
Oct 02 02:18:25 localhost iscsid[569]: Warning: InitiatorName file /etc/iscsi/initiatorname.iscsi does not exist or does not contain a properly formatted InitiatorName. If using software iscsi (iscsi_tcp or ib_iser) or partial offload (bnx2i or cxgbi iscsi), you may not be able to log into or
Oct 02 02:18:25 localhost iscsid[569]: can't open InitiatorAlias configuration file /etc/iscsi/initiatorname.iscsi
Oct 02 02:18:25 localhost systemd[1]: Started Open-iSCSI.
-- Subject: Unit iscsid.service has finished start-up
-- Defined-By: systemd
-- Support: https://access.redhat.com/support
-- 
-- Unit iscsid.service has finished starting up.
-- 
-- The start-up result is RESULT.
Oct 02 02:18:25 localhost systemd[1]: Starting dracut initqueue hook...
-- Subject: Unit dracut-initqueue.service has begun start-up
-- Defined-By: systemd
-- Support: https://access.redhat.com/support
-- 
-- Unit dracut-initqueue.service has begun starting up.
Oct 02 02:18:25 localhost kernel: EXT4-fs (sda2): mounted filesystem with ordered data mode. Opts: (null)
Oct 02 02:18:25 localhost ignition-setup[555]: Copying /mnt/boot_partition/ignition/config.ign to /usr/lib/ignition//user.ign
Oct 02 02:18:25 localhost kernel: IPv6: ADDRCONF(NETDEV_UP): eth0: link is not ready
Oct 02 02:18:25 localhost kernel: IPv6: ADDRCONF(NETDEV_CHANGE): eth0: link becomes ready
Oct 02 02:18:25 localhost systemd[1]: Started Ignition (setup).
-- Subject: Unit ignition-setup.service has finished start-up
-- Defined-By: systemd
-- Support: https://access.redhat.com/support
-- 
-- Unit ignition-setup.service has finished starting up.
-- 
-- The start-up result is RESULT.
Oct 02 02:18:25 localhost systemd[1]: Reached target Local File Systems (Pre).
-- Subject: Unit local-fs-pre.target has finished start-up
-- Defined-By: systemd
-- Support: https://access.redhat.com/support
-- 
-- Unit local-fs-pre.target has finished starting up.
-- 
-- The start-up result is RESULT.
Oct 02 02:18:25 localhost systemd[1]: Reached target Local File Systems.
-- Subject: Unit local-fs.target has finished start-up
-- Defined-By: systemd
-- Support: https://access.redhat.com/support
-- 
-- Unit local-fs.target has finished starting up.
-- 
-- The start-up result is RESULT.
Oct 02 02:18:25 localhost systemd[1]: Starting Create Volatile Files and Directories...
-- Subject: Unit systemd-tmpfiles-setup.service has begun start-up
-- Defined-By: systemd
-- Support: https://access.redhat.com/support
-- 
-- Unit systemd-tmpfiles-setup.service has begun starting up.
Oct 02 02:18:25 localhost systemd-tmpfiles[627]: [/usr/lib/tmpfiles.d/systemd.conf:11] Unknown group 'utmp'.
Oct 02 02:18:25 localhost systemd[1]: Started Create Volatile Files and Directories.
-- Subject: Unit systemd-tmpfiles-setup.service has finished start-up
-- Defined-By: systemd
-- Support: https://access.redhat.com/support
-- 
-- Unit systemd-tmpfiles-setup.service has finished starting up.
-- 
-- The start-up result is RESULT.
Oct 02 02:18:25 localhost systemd[1]: Reached target System Initialization.
-- Subject: Unit sysinit.target has finished start-up
-- Defined-By: systemd
-- Support: https://access.redhat.com/support
-- 
-- Unit sysinit.target has finished starting up.
-- 
-- The start-up result is RESULT.
Oct 02 02:18:25 localhost systemd[1]: Reached target Basic System.
-- Subject: Unit basic.target has finished start-up
-- Defined-By: systemd
-- Support: https://access.redhat.com/support
-- 
-- Unit basic.target has finished starting up.
-- 
-- The start-up result is RESULT.
Oct 02 02:18:25 localhost systemd[1]: Starting Ask OSTree to mount /var in initramfs...
-- Subject: Unit ignition-ask-var-mount.service has begun start-up
-- Defined-By: systemd
-- Support: https://access.redhat.com/support
-- 
-- Unit ignition-ask-var-mount.service has begun starting up.
Oct 02 02:18:25 localhost systemd[1]: Starting Ignition (disks)...
-- Subject: Unit ignition-disks.service has begun start-up
-- Defined-By: systemd
-- Support: https://access.redhat.com/support
-- 
-- Unit ignition-disks.service has begun starting up.
Oct 02 02:18:25 localhost dracut-initqueue[573]: Starting dhcp for interface eth0
Oct 02 02:18:25 localhost systemd[1]: Started Ask OSTree to mount /var in initramfs.
-- Subject: Unit ignition-ask-var-mount.service has finished start-up
-- Defined-By: systemd
-- Support: https://access.redhat.com/support
-- 
-- Unit ignition-ask-var-mount.service has finished starting up.
-- 
-- The start-up result is RESULT.
Oct 02 02:18:25 localhost ignition[634]: Ignition 0.33.0
Oct 02 02:18:25 localhost ignition[634]: reading system config file "/usr/lib/ignition/base.ign"
Oct 02 02:18:25 localhost ignition[634]: parsing config with SHA512: f5b0d067579d19bcee06ea95bcc9ed79a838db83f9dc9788af6e01229519ebf50ee96d330203701c481b1e11471704783f9996597eb2084d6294c7ba7f4db58e
Oct 02 02:18:25 localhost ignition[634]: parsed url from cmdline: ""
Oct 02 02:18:25 localhost ignition[634]: no config URL provided
Oct 02 02:18:25 localhost ignition[634]: reading system config file "/usr/lib/ignition/user.ign"
Oct 02 02:18:25 localhost ignition[634]: parsing config with SHA512: 03be4a6506903e2e279460d70c5c0a2799e554f0142837cea25c0966fa9db8cb2f4c8c6222ca73467b457731793189ea76b9ceb99ef3fcf25df5a7f5107c6820
Oct 02 02:18:25 localhost dracut-initqueue[573]: dhcp: PREINIT eth0 up
Oct 02 02:18:25 localhost ignition[634]: Adding "root-ca" to list of CAs
Oct 02 02:18:25 localhost ignition[634]: GET https://api-int.openshift4poc.example.local:22623/config/master: attempt #1
Oct 02 02:18:25 localhost ignition[634]: GET error: Get https://api-int.openshift4poc.example.local:22623/config/master: dial tcp: lookup api-int.openshift4poc.example.local on [::1]:53: read udp [::1]:39380->[::1]:53: read: connection refused
Oct 02 02:18:25 localhost dhclient[638]: Created duid "\000\004\324\367+@\021^Km\226R\007\256Sp\015\262".
Oct 02 02:18:25 localhost dhclient[638]: DHCPDISCOVER on eth0 to 255.255.255.255 port 67 interval 6 (xid=0xff930447)
Oct 02 02:18:25 localhost dhclient[638]: DHCPREQUEST on eth0 to 255.255.255.255 port 67 (xid=0xff930447)
Oct 02 02:18:25 localhost dhclient[638]: DHCPOFFER from 172.16.1.1
Oct 02 02:18:25 localhost dhclient[638]: DHCPACK from 172.16.1.1 (xid=0xff930447)
Oct 02 02:18:25 localhost dracut-initqueue[573]: dhcp: BOND setting eth0
Oct 02 02:18:25 localhost ignition[634]: GET https://api-int.openshift4poc.example.local:22623/config/master: attempt #2
Oct 02 02:18:26 localhost ignition[634]: GET error: Get https://api-int.openshift4poc.example.local:22623/config/master: dial tcp: lookup api-int.openshift4poc.example.local on [::1]:53: read udp [::1]:43432->[::1]:53: read: connection refused
Oct 02 02:18:26 localhost kernel: random: crng init done
Oct 02 02:18:26 localhost kernel: random: 7 urandom warning(s) missed due to ratelimiting
Oct 02 02:18:26 localhost ignition[634]: GET https://api-int.openshift4poc.example.local:22623/config/master: attempt #3
Oct 02 02:18:26 localhost ignition[634]: GET error: Get https://api-int.openshift4poc.example.local:22623/config/master: dial tcp: lookup api-int.openshift4poc.example.local on [::1]:53: read udp [::1]:52712->[::1]:53: read: connection refused
Oct 02 02:18:27 localhost ignition[634]: GET https://api-int.openshift4poc.example.local:22623/config/master: attempt #4
Oct 02 02:18:27 localhost ignition[634]: GET error: Get https://api-int.openshift4poc.example.local:22623/config/master: dial tcp: lookup api-int.openshift4poc.example.local on [::1]:53: read udp [::1]:57148->[::1]:53: read: connection refused
Oct 02 02:18:27 localhost dhclient[638]: bound to 172.16.1.10 -- renewal in 19599 seconds.
Oct 02 02:18:27 localhost dracut-initqueue[573]: RTNETLINK answers: File exists
Oct 02 02:18:28 master1.openshift4poc.example.local systemd[1]: Started dracut initqueue hook.
-- Subject: Unit dracut-initqueue.service has finished start-up
-- Defined-By: systemd
-- Support: https://access.redhat.com/support
-- 
-- Unit dracut-initqueue.service has finished starting up.
-- 
-- The start-up result is RESULT.
Oct 02 02:18:28 master1.openshift4poc.example.local systemd[1]: Reached target Remote File Systems (Pre).
-- Subject: Unit remote-fs-pre.target has finished start-up
-- Defined-By: systemd
-- Support: https://access.redhat.com/support
-- 
-- Unit remote-fs-pre.target has finished starting up.
-- 
-- The start-up result is RESULT.
Oct 02 02:18:28 master1.openshift4poc.example.local systemd[1]: Reached target Remote File Systems.
-- Subject: Unit remote-fs.target has finished start-up
-- Defined-By: systemd
-- Support: https://access.redhat.com/support
-- 
-- Unit remote-fs.target has finished starting up.
-- 
-- The start-up result is RESULT.
Oct 02 02:18:28 master1.openshift4poc.example.local systemd[1]: Starting dracut pre-mount hook...
-- Subject: Unit dracut-pre-mount.service has begun start-up
-- Defined-By: systemd
-- Support: https://access.redhat.com/support
-- 
-- Unit dracut-pre-mount.service has begun starting up.
Oct 02 02:18:28 master1.openshift4poc.example.local systemd[1]: Started dracut pre-mount hook.
-- Subject: Unit dracut-pre-mount.service has finished start-up
-- Defined-By: systemd
-- Support: https://access.redhat.com/support
-- 
-- Unit dracut-pre-mount.service has finished starting up.
-- 
-- The start-up result is RESULT.
Oct 02 02:18:28 master1.openshift4poc.example.local systemd[1]: Starting File System Check on /dev/disk/by-uuid/9213770d-ddd3-40f9-aeba-d6e8c6fec4c8...
-- Subject: Unit systemd-fsck-root.service has begun start-up
-- Defined-By: systemd
-- Support: https://access.redhat.com/support
-- 
-- Unit systemd-fsck-root.service has begun starting up.
Oct 02 02:18:28 master1.openshift4poc.example.local systemd-fsck[726]: /usr/sbin/fsck.xfs: XFS file system.
Oct 02 02:18:28 master1.openshift4poc.example.local systemd[1]: Started File System Check on /dev/disk/by-uuid/9213770d-ddd3-40f9-aeba-d6e8c6fec4c8.
-- Subject: Unit systemd-fsck-root.service has finished start-up
-- Defined-By: systemd
-- Support: https://access.redhat.com/support
-- 
-- Unit systemd-fsck-root.service has finished starting up.
-- 
-- The start-up result is RESULT.
Oct 02 02:18:28 master1.openshift4poc.example.local ignition[634]: GET https://api-int.openshift4poc.example.local:22623/config/master: attempt #5
Oct 02 02:18:28 master1.openshift4poc.example.local ignition[634]: GET error: Get https://api-int.openshift4poc.example.local:22623/config/master: dial tcp: lookup api-int.openshift4poc.example.local on [::1]:53: read udp [::1]:33765->[::1]:53: read: connection refused
Oct 02 02:18:32 master1.openshift4poc.example.local ignition[634]: GET https://api-int.openshift4poc.example.local:22623/config/master: attempt #6
Oct 02 02:18:32 master1.openshift4poc.example.local ignition[634]: GET error: Get https://api-int.openshift4poc.example.local:22623/config/master: dial tcp 172.16.1.2:22623: connect: no route to host
Oct 02 02:18:37 master1.openshift4poc.example.local ignition[634]: GET https://api-int.openshift4poc.example.local:22623/config/master: attempt #7
Oct 02 02:18:37 master1.openshift4poc.example.local ignition[634]: GET error: Get https://api-int.openshift4poc.example.local:22623/config/master: dial tcp 172.16.1.2:22623: connect: no route to host
Oct 02 02:18:42 master1.openshift4poc.example.local ignition[634]: GET https://api-int.openshift4poc.example.local:22623/config/master: attempt #8
Oct 02 02:18:42 master1.openshift4poc.example.local ignition[634]: GET error: Get https://api-int.openshift4poc.example.local:22623/config/master: dial tcp 172.16.1.2:22623: connect: no route to host
Oct 02 02:18:47 master1.openshift4poc.example.local ignition[634]: GET https://api-int.openshift4poc.example.local:22623/config/master: attempt #9
Oct 02 02:18:47 master1.openshift4poc.example.local ignition[634]: GET result: OK
Oct 02 02:18:47 master1.openshift4poc.example.local ignition[634]: fetched referenced config at https://api-int.openshift4poc.example.local:22623/config/master with SHA512: 331bea4015368e7f72f0b628c038594f9dab7f59107757f991d6433c3a41d9a7dce0fc12f66c3cf5c3ef9f9fb1d12edda33e0da77ac9a998f87623ff4f965ac9
Oct 02 02:18:48 master1.openshift4poc.example.local ignition[634]: Adding "root-ca" to list of CAs
Oct 02 02:18:48 master1.openshift4poc.example.local ignition[634]: Adding "root-ca" to list of CAs
Oct 02 02:18:48 master1.openshift4poc.example.local ignition[634]: disks: disks passed
Oct 02 02:18:48 master1.openshift4poc.example.local ignition[634]: Ignition finished successfully
Oct 02 02:18:48 master1.openshift4poc.example.local systemd[1]: Started Ignition (disks).
-- Subject: Unit ignition-disks.service has finished start-up
-- Defined-By: systemd
-- Support: https://access.redhat.com/support
-- 
-- Unit ignition-disks.service has finished starting up.
-- 
-- The start-up result is RESULT.
Oct 02 02:18:48 master1.openshift4poc.example.local systemd[1]: Mounting /sysroot...
-- Subject: Unit sysroot.mount has begun start-up
-- Defined-By: systemd
-- Support: https://access.redhat.com/support
-- 
-- Unit sysroot.mount has begun starting up.
Oct 02 02:18:48 master1.openshift4poc.example.local systemd-journald[221]: Missed 14 kernel messages
-- Subject: Journal messages have been missed
-- Defined-By: systemd
-- Support: https://access.redhat.com/support
-- 
-- Kernel messages have been lost as the journal system has been unable
-- to process them quickly enough.
Oct 02 02:18:48 master1.openshift4poc.example.local kernel: SGI XFS with ACLs, security attributes, no debug enabled
Oct 02 02:18:48 master1.openshift4poc.example.local kernel: XFS (sda3): Mounting V5 Filesystem
Oct 02 02:18:48 master1.openshift4poc.example.local kernel: XFS (sda3): Ending clean mount
Oct 02 02:18:48 master1.openshift4poc.example.local kernel: XFS (sda3): Quotacheck needed: Please wait.
Oct 02 02:18:48 master1.openshift4poc.example.local kernel: XFS (sda3): Quotacheck: Done.
Oct 02 02:18:48 master1.openshift4poc.example.local systemd[1]: Mounted /sysroot.
-- Subject: Unit sysroot.mount has finished start-up
-- Defined-By: systemd
-- Support: https://access.redhat.com/support
-- 
-- Unit sysroot.mount has finished starting up.
-- 
-- The start-up result is RESULT.
Oct 02 02:18:48 master1.openshift4poc.example.local systemd[1]: Starting OSTree Prepare OS/...
-- Subject: Unit ostree-prepare-root.service has begun start-up
-- Defined-By: systemd
-- Support: https://access.redhat.com/support
-- 
-- Unit ostree-prepare-root.service has begun starting up.
Oct 02 02:18:48 master1.openshift4poc.example.local ostree-prepare-root[751]: Resolved OSTree target to: /sysroot/ostree/deploy/rhcos/deploy/4d754cdff2f16dad537e49b78a6f4cf7e2aae2f2604d2dee3ee39b76c9329805.0
Oct 02 02:18:48 master1.openshift4poc.example.local systemd[1]: Started OSTree Prepare OS/.
-- Subject: Unit ostree-prepare-root.service has finished start-up
-- Defined-By: systemd
-- Support: https://access.redhat.com/support
-- 
-- Unit ostree-prepare-root.service has finished starting up.
-- 
-- The start-up result is RESULT.
Oct 02 02:18:48 master1.openshift4poc.example.local systemd[1]: Reached target Initrd Root File System.
-- Subject: Unit initrd-root-fs.target has finished start-up
-- Defined-By: systemd
-- Support: https://access.redhat.com/support
-- 
-- Unit initrd-root-fs.target has finished starting up.
-- 
-- The start-up result is RESULT.
Oct 02 02:18:48 master1.openshift4poc.example.local systemd[1]: Starting Ignition (files)...
-- Subject: Unit ignition-files.service has begun start-up
-- Defined-By: systemd
-- Support: https://access.redhat.com/support
-- 
-- Unit ignition-files.service has begun starting up.
Oct 02 02:18:48 master1.openshift4poc.example.local ignition[753]: INFO     : Ignition 0.33.0
Oct 02 02:18:48 master1.openshift4poc.example.local ignition[753]: INFO     : reading system config file "/usr/lib/ignition/base.ign"
Oct 02 02:18:48 master1.openshift4poc.example.local ignition[753]: DEBUG    : parsing config with SHA512: f5b0d067579d19bcee06ea95bcc9ed79a838db83f9dc9788af6e01229519ebf50ee96d330203701c481b1e11471704783f9996597eb2084d6294c7ba7f4db58e
Oct 02 02:18:48 master1.openshift4poc.example.local ignition[753]: INFO     : Adding "root-ca" to list of CAs
Oct 02 02:18:48 master1.openshift4poc.example.local ignition[753]: INFO     : files: createUsers: checking if user "core" exists: [Attention] exit status 1: Cmd: "/usr/sbin/chroot" "/sysroot" "/usr/bin/id" "core" Stdout: /usr/bin/id: 'core': no such user
Oct 02 02:18:48 master1.openshift4poc.example.local ignition[753]: INFO     : files: createUsers: op(1): [started]  creating or modifying user "core"
Oct 02 02:18:48 master1.openshift4poc.example.local ignition[753]: DEBUG    : files: createUsers: op(1): executing: "/usr/sbin/useradd" "--root" "/sysroot" "--home-dir" "/home/core" "--create-home" "--password" "*" "--groups" "adm,sudo,systemd-journal,wheel" "core"
Oct 02 02:18:48 master1.openshift4poc.example.local ignition[753]: INFO     : files: createUsers: op(1): [finished] creating or modifying user "core"
Oct 02 02:18:48 master1.openshift4poc.example.local ignition[753]: INFO     : files: createUsers: op(2): [started]  creating or modifying user "core"
Oct 02 02:18:48 master1.openshift4poc.example.local ignition[753]: DEBUG    : files: createUsers: op(2): executing: "/usr/sbin/usermod" "--root" "/sysroot" "core"
Oct 02 02:18:48 master1.openshift4poc.example.local ignition[753]: INFO     : files: createUsers: op(2): [finished] creating or modifying user "core"
Oct 02 02:18:48 master1.openshift4poc.example.local ignition[753]: INFO     : files: createUsers: op(3): [started]  adding ssh keys to user "core"
Oct 02 02:18:48 master1.openshift4poc.example.local ignition[753]: INFO     : files: createUsers: op(3): [finished] adding ssh keys to user "core"
Oct 02 02:18:48 master1.openshift4poc.example.local ignition[753]: INFO     : files: createFilesystemsFiles: createFiles: op(4): [started]  writing file "/etc/pki/ca-trust/source/anchors/openshift-config-user-ca-bundle.crt"
Oct 02 02:18:48 master1.openshift4poc.example.local ignition[753]: INFO     : files: createFilesystemsFiles: createFiles: op(4): [finished] writing file "/etc/pki/ca-trust/source/anchors/openshift-config-user-ca-bundle.crt"
Oct 02 02:18:48 master1.openshift4poc.example.local ignition[753]: INFO     : files: createFilesystemsFiles: createFiles: op(5): [started]  writing file "/etc/tmpfiles.d/cleanup-cni.conf"
Oct 02 02:18:48 master1.openshift4poc.example.local ignition[753]: INFO     : files: createFilesystemsFiles: createFiles: op(5): [finished] writing file "/etc/tmpfiles.d/cleanup-cni.conf"
Oct 02 02:18:48 master1.openshift4poc.example.local ignition[753]: INFO     : files: createFilesystemsFiles: createFiles: op(6): [started]  writing file "/etc/etcd/etcd.conf"
Oct 02 02:18:48 master1.openshift4poc.example.local ignition[753]: INFO     : files: createFilesystemsFiles: createFiles: op(6): [finished] writing file "/etc/etcd/etcd.conf"
Oct 02 02:18:48 master1.openshift4poc.example.local ignition[753]: INFO     : files: createFilesystemsFiles: createFiles: op(7): [started]  writing file "/etc/kubernetes/manifests/etcd-member.yaml"
Oct 02 02:18:48 master1.openshift4poc.example.local ignition[753]: INFO     : files: createFilesystemsFiles: createFiles: op(7): [finished] writing file "/etc/kubernetes/manifests/etcd-member.yaml"
Oct 02 02:18:48 master1.openshift4poc.example.local ignition[753]: INFO     : files: createFilesystemsFiles: createFiles: op(8): [started]  writing file "/etc/systemd/system/crio.service.d/10-default-env.conf"
Oct 02 02:18:48 master1.openshift4poc.example.local ignition[753]: INFO     : files: createFilesystemsFiles: createFiles: op(8): [finished] writing file "/etc/systemd/system/crio.service.d/10-default-env.conf"
Oct 02 02:18:48 master1.openshift4poc.example.local ignition[753]: INFO     : files: createFilesystemsFiles: createFiles: op(9): [started]  writing file "/etc/systemd/system/kubelet.service.d/10-default-env.conf"
Oct 02 02:18:48 master1.openshift4poc.example.local ignition[753]: INFO     : files: createFilesystemsFiles: createFiles: op(9): [finished] writing file "/etc/systemd/system/kubelet.service.d/10-default-env.conf"
Oct 02 02:18:48 master1.openshift4poc.example.local ignition[753]: INFO     : files: createFilesystemsFiles: createFiles: op(a): [started]  writing file "/etc/systemd/system/machine-config-daemon-host.service.d/10-default-env.conf"
Oct 02 02:18:48 master1.openshift4poc.example.local ignition[753]: INFO     : files: createFilesystemsFiles: createFiles: op(a): [finished] writing file "/etc/systemd/system/machine-config-daemon-host.service.d/10-default-env.conf"
Oct 02 02:18:48 master1.openshift4poc.example.local ignition[753]: INFO     : files: createFilesystemsFiles: createFiles: op(b): [started]  writing file "/etc/systemd/system/pivot.service.d/10-default-env.conf"
Oct 02 02:18:48 master1.openshift4poc.example.local ignition[753]: INFO     : files: createFilesystemsFiles: createFiles: op(b): [finished] writing file "/etc/systemd/system/pivot.service.d/10-default-env.conf"
Oct 02 02:18:48 master1.openshift4poc.example.local ignition[753]: INFO     : files: createFilesystemsFiles: createFiles: op(c): [started]  writing file "/etc/kubernetes/static-pod-resources/etcd-member/ca.crt"
Oct 02 02:18:48 master1.openshift4poc.example.local ignition[753]: INFO     : files: createFilesystemsFiles: createFiles: op(c): [finished] writing file "/etc/kubernetes/static-pod-resources/etcd-member/ca.crt"
Oct 02 02:18:48 master1.openshift4poc.example.local ignition[753]: INFO     : files: createFilesystemsFiles: createFiles: op(d): [started]  writing file "/etc/kubernetes/static-pod-resources/etcd-member/metric-ca.crt"
Oct 02 02:18:48 master1.openshift4poc.example.local ignition[753]: INFO     : files: createFilesystemsFiles: createFiles: op(d): [finished] writing file "/etc/kubernetes/static-pod-resources/etcd-member/metric-ca.crt"
Oct 02 02:18:48 master1.openshift4poc.example.local ignition[753]: INFO     : files: createFilesystemsFiles: createFiles: op(e): [started]  writing file "/etc/kubernetes/static-pod-resources/etcd-member/root-ca.crt"
Oct 02 02:18:48 master1.openshift4poc.example.local ignition[753]: INFO     : files: createFilesystemsFiles: createFiles: op(e): [finished] writing file "/etc/kubernetes/static-pod-resources/etcd-member/root-ca.crt"
Oct 02 02:18:48 master1.openshift4poc.example.local ignition[753]: INFO     : files: createFilesystemsFiles: createFiles: op(f): [started]  writing file "/etc/kubernetes/kubelet-ca.crt"
Oct 02 02:18:48 master1.openshift4poc.example.local ignition[753]: INFO     : files: createFilesystemsFiles: createFiles: op(f): [finished] writing file "/etc/kubernetes/kubelet-ca.crt"
Oct 02 02:18:48 master1.openshift4poc.example.local ignition[753]: INFO     : files: createFilesystemsFiles: createFiles: op(10): [started]  writing file "/etc/systemd/system.conf.d/kubelet-cgroups.conf"
Oct 02 02:18:48 master1.openshift4poc.example.local ignition[753]: INFO     : files: createFilesystemsFiles: createFiles: op(10): [finished] writing file "/etc/systemd/system.conf.d/kubelet-cgroups.conf"
Oct 02 02:18:48 master1.openshift4poc.example.local ignition[753]: INFO     : files: createFilesystemsFiles: createFiles: op(11): [started]  writing file "/var/lib/kubelet/config.json"
Oct 02 02:18:48 master1.openshift4poc.example.local ignition[753]: INFO     : files: createFilesystemsFiles: createFiles: op(11): [finished] writing file "/var/lib/kubelet/config.json"
Oct 02 02:18:48 master1.openshift4poc.example.local ignition[753]: INFO     : files: createFilesystemsFiles: createFiles: op(12): [started]  writing file "/etc/kubernetes/ca.crt"
Oct 02 02:18:48 master1.openshift4poc.example.local ignition[753]: INFO     : files: createFilesystemsFiles: createFiles: op(12): [finished] writing file "/etc/kubernetes/ca.crt"
Oct 02 02:18:48 master1.openshift4poc.example.local ignition[753]: INFO     : files: createFilesystemsFiles: createFiles: op(13): [started]  writing file "/etc/sysctl.d/forward.conf"
Oct 02 02:18:48 master1.openshift4poc.example.local ignition[753]: INFO     : files: createFilesystemsFiles: createFiles: op(13): [finished] writing file "/etc/sysctl.d/forward.conf"
Oct 02 02:18:48 master1.openshift4poc.example.local ignition[753]: INFO     : files: createFilesystemsFiles: createFiles: op(14): [started]  writing file "/etc/sysctl.d/inotify.conf"
Oct 02 02:18:48 master1.openshift4poc.example.local ignition[753]: INFO     : files: createFilesystemsFiles: createFiles: op(14): [finished] writing file "/etc/sysctl.d/inotify.conf"
Oct 02 02:18:48 master1.openshift4poc.example.local ignition[753]: INFO     : files: createFilesystemsFiles: createFiles: op(15): [started]  writing file "/usr/local/bin/etcd-member-add.sh"
Oct 02 02:18:48 master1.openshift4poc.example.local ignition[753]: INFO     : files: createFilesystemsFiles: createFiles: op(15): [finished] writing file "/usr/local/bin/etcd-member-add.sh"
Oct 02 02:18:48 master1.openshift4poc.example.local ignition[753]: INFO     : files: createFilesystemsFiles: createFiles: op(16): [started]  writing file "/usr/local/bin/etcd-member-recover.sh"
Oct 02 02:18:48 master1.openshift4poc.example.local ignition[753]: INFO     : files: createFilesystemsFiles: createFiles: op(16): [finished] writing file "/usr/local/bin/etcd-member-recover.sh"
Oct 02 02:18:48 master1.openshift4poc.example.local ignition[753]: INFO     : files: createFilesystemsFiles: createFiles: op(17): [started]  writing file "/usr/local/bin/etcd-member-remove.sh"
Oct 02 02:18:48 master1.openshift4poc.example.local ignition[753]: INFO     : files: createFilesystemsFiles: createFiles: op(17): [finished] writing file "/usr/local/bin/etcd-member-remove.sh"
Oct 02 02:18:48 master1.openshift4poc.example.local ignition[753]: INFO     : files: createFilesystemsFiles: createFiles: op(18): [started]  writing file "/usr/local/bin/etcd-snapshot-backup.sh"
Oct 02 02:18:48 master1.openshift4poc.example.local ignition[753]: INFO     : files: createFilesystemsFiles: createFiles: op(18): [finished] writing file "/usr/local/bin/etcd-snapshot-backup.sh"
Oct 02 02:18:48 master1.openshift4poc.example.local ignition[753]: INFO     : files: createFilesystemsFiles: createFiles: op(19): [started]  writing file "/usr/local/bin/etcd-snapshot-restore.sh"
Oct 02 02:18:48 master1.openshift4poc.example.local ignition[753]: INFO     : files: createFilesystemsFiles: createFiles: op(19): [finished] writing file "/usr/local/bin/etcd-snapshot-restore.sh"
Oct 02 02:18:48 master1.openshift4poc.example.local ignition[753]: INFO     : files: createFilesystemsFiles: createFiles: op(1a): [started]  writing file "/usr/local/bin/recover-kubeconfig.sh"
Oct 02 02:18:48 master1.openshift4poc.example.local ignition[753]: INFO     : files: createFilesystemsFiles: createFiles: op(1a): [finished] writing file "/usr/local/bin/recover-kubeconfig.sh"
Oct 02 02:18:48 master1.openshift4poc.example.local ignition[753]: INFO     : files: createFilesystemsFiles: createFiles: op(1b): [started]  writing file "/usr/local/bin/openshift-recovery-tools"
Oct 02 02:18:48 master1.openshift4poc.example.local ignition[753]: INFO     : files: createFilesystemsFiles: createFiles: op(1b): [finished] writing file "/usr/local/bin/openshift-recovery-tools"
Oct 02 02:18:48 master1.openshift4poc.example.local ignition[753]: INFO     : files: createFilesystemsFiles: createFiles: op(1c): [started]  writing file "/usr/local/bin/tokenize-signer.sh"
Oct 02 02:18:48 master1.openshift4poc.example.local ignition[753]: INFO     : files: createFilesystemsFiles: createFiles: op(1c): [finished] writing file "/usr/local/bin/tokenize-signer.sh"
Oct 02 02:18:48 master1.openshift4poc.example.local ignition[753]: INFO     : files: createFilesystemsFiles: createFiles: op(1d): [started]  writing file "/usr/local/share/openshift-recovery/template/etcd-generate-certs.yaml.template"
Oct 02 02:18:48 master1.openshift4poc.example.local ignition[753]: INFO     : files: createFilesystemsFiles: createFiles: op(1d): [finished] writing file "/usr/local/share/openshift-recovery/template/etcd-generate-certs.yaml.template"
Oct 02 02:18:48 master1.openshift4poc.example.local ignition[753]: INFO     : files: createFilesystemsFiles: createFiles: op(1e): [started]  writing file "/usr/local/share/openshift-recovery/template/kube-etcd-cert-signer.yaml.template"
Oct 02 02:18:48 master1.openshift4poc.example.local ignition[753]: INFO     : files: createFilesystemsFiles: createFiles: op(1e): [finished] writing file "/usr/local/share/openshift-recovery/template/kube-etcd-cert-signer.yaml.template"
Oct 02 02:18:48 master1.openshift4poc.example.local ignition[753]: INFO     : files: createFilesystemsFiles: createFiles: op(1f): [started]  writing file "/etc/kubernetes/kubelet-plugins/volume/exec/.dummy"
Oct 02 02:18:48 master1.openshift4poc.example.local ignition[753]: INFO     : files: createFilesystemsFiles: createFiles: op(1f): [finished] writing file "/etc/kubernetes/kubelet-plugins/volume/exec/.dummy"
Oct 02 02:18:48 master1.openshift4poc.example.local ignition[753]: INFO     : files: createFilesystemsFiles: createFiles: op(20): [started]  writing file "/etc/pki/ca-trust/source/anchors/openshift-config-user-ca-bundle.crt"
Oct 02 02:18:48 master1.openshift4poc.example.local ignition[753]: INFO     : files: createFilesystemsFiles: createFiles: op(20): [finished] writing file "/etc/pki/ca-trust/source/anchors/openshift-config-user-ca-bundle.crt"
Oct 02 02:18:48 master1.openshift4poc.example.local ignition[753]: INFO     : files: createFilesystemsFiles: createFiles: op(21): [started]  writing file "/etc/tmpfiles.d/cleanup-cni.conf"
Oct 02 02:18:48 master1.openshift4poc.example.local ignition[753]: INFO     : files: createFilesystemsFiles: createFiles: op(21): [finished] writing file "/etc/tmpfiles.d/cleanup-cni.conf"
Oct 02 02:18:48 master1.openshift4poc.example.local ignition[753]: INFO     : files: createFilesystemsFiles: createFiles: op(22): [started]  writing file "/etc/containers/registries.conf"
Oct 02 02:18:48 master1.openshift4poc.example.local ignition[753]: INFO     : files: createFilesystemsFiles: createFiles: op(22): [finished] writing file "/etc/containers/registries.conf"
Oct 02 02:18:48 master1.openshift4poc.example.local ignition[753]: INFO     : files: createFilesystemsFiles: createFiles: op(23): [started]  writing file "/etc/containers/storage.conf"
Oct 02 02:18:48 master1.openshift4poc.example.local ignition[753]: INFO     : files: createFilesystemsFiles: createFiles: op(23): [finished] writing file "/etc/containers/storage.conf"
Oct 02 02:18:48 master1.openshift4poc.example.local ignition[753]: INFO     : files: createFilesystemsFiles: createFiles: op(24): [started]  writing file "/etc/crio/crio.conf"
Oct 02 02:18:48 master1.openshift4poc.example.local ignition[753]: INFO     : files: createFilesystemsFiles: createFiles: op(24): [finished] writing file "/etc/crio/crio.conf"
Oct 02 02:18:48 master1.openshift4poc.example.local ignition[753]: INFO     : files: createFilesystemsFiles: createFiles: op(25): [started]  writing file "/etc/systemd/system/crio.service.d/10-default-env.conf"
Oct 02 02:18:48 master1.openshift4poc.example.local ignition[753]: INFO     : files: createFilesystemsFiles: createFiles: op(25): [finished] writing file "/etc/systemd/system/crio.service.d/10-default-env.conf"
Oct 02 02:18:48 master1.openshift4poc.example.local ignition[753]: INFO     : files: createFilesystemsFiles: createFiles: op(26): [started]  writing file "/etc/systemd/system/kubelet.service.d/10-default-env.conf"
Oct 02 02:18:48 master1.openshift4poc.example.local ignition[753]: INFO     : files: createFilesystemsFiles: createFiles: op(26): [finished] writing file "/etc/systemd/system/kubelet.service.d/10-default-env.conf"
Oct 02 02:18:48 master1.openshift4poc.example.local ignition[753]: INFO     : files: createFilesystemsFiles: createFiles: op(27): [started]  writing file "/etc/systemd/system/machine-config-daemon-host.service.d/10-default-env.conf"
Oct 02 02:18:48 master1.openshift4poc.example.local ignition[753]: INFO     : files: createFilesystemsFiles: createFiles: op(27): [finished] writing file "/etc/systemd/system/machine-config-daemon-host.service.d/10-default-env.conf"
Oct 02 02:18:48 master1.openshift4poc.example.local ignition[753]: INFO     : files: createFilesystemsFiles: createFiles: op(28): [started]  writing file "/etc/systemd/system/pivot.service.d/10-default-env.conf"
Oct 02 02:18:48 master1.openshift4poc.example.local ignition[753]: INFO     : files: createFilesystemsFiles: createFiles: op(28): [finished] writing file "/etc/systemd/system/pivot.service.d/10-default-env.conf"
Oct 02 02:18:48 master1.openshift4poc.example.local ignition[753]: INFO     : files: createFilesystemsFiles: createFiles: op(29): [started]  writing file "/etc/kubernetes/kubelet-ca.crt"
Oct 02 02:18:48 master1.openshift4poc.example.local ignition[753]: INFO     : files: createFilesystemsFiles: createFiles: op(29): [finished] writing file "/etc/kubernetes/kubelet-ca.crt"
Oct 02 02:18:48 master1.openshift4poc.example.local ignition[753]: INFO     : files: createFilesystemsFiles: createFiles: op(2a): [started]  writing file "/etc/containers/policy.json"
Oct 02 02:18:48 master1.openshift4poc.example.local ignition[753]: INFO     : files: createFilesystemsFiles: createFiles: op(2a): [finished] writing file "/etc/containers/policy.json"
Oct 02 02:18:48 master1.openshift4poc.example.local ignition[753]: INFO     : files: createFilesystemsFiles: createFiles: op(2b): [started]  writing file "/var/lib/kubelet/config.json"
Oct 02 02:18:48 master1.openshift4poc.example.local ignition[753]: INFO     : files: createFilesystemsFiles: createFiles: op(2b): [finished] writing file "/var/lib/kubelet/config.json"
Oct 02 02:18:48 master1.openshift4poc.example.local ignition[753]: INFO     : files: createFilesystemsFiles: createFiles: op(2c): [started]  writing file "/etc/kubernetes/ca.crt"
Oct 02 02:18:48 master1.openshift4poc.example.local ignition[753]: INFO     : files: createFilesystemsFiles: createFiles: op(2c): [finished] writing file "/etc/kubernetes/ca.crt"
Oct 02 02:18:48 master1.openshift4poc.example.local ignition[753]: INFO     : files: createFilesystemsFiles: createFiles: op(2d): [started]  writing file "/etc/sysctl.d/forward.conf"
Oct 02 02:18:48 master1.openshift4poc.example.local ignition[753]: INFO     : files: createFilesystemsFiles: createFiles: op(2d): [finished] writing file "/etc/sysctl.d/forward.conf"
Oct 02 02:18:48 master1.openshift4poc.example.local ignition[753]: INFO     : files: createFilesystemsFiles: createFiles: op(2e): [started]  writing file "/etc/sysctl.d/inotify.conf"
Oct 02 02:18:48 master1.openshift4poc.example.local ignition[753]: INFO     : files: createFilesystemsFiles: createFiles: op(2e): [finished] writing file "/etc/sysctl.d/inotify.conf"
Oct 02 02:18:48 master1.openshift4poc.example.local ignition[753]: INFO     : files: createFilesystemsFiles: createFiles: op(2f): [started]  writing file "/etc/kubernetes/kubelet-plugins/volume/exec/.dummy"
Oct 02 02:18:48 master1.openshift4poc.example.local ignition[753]: INFO     : files: createFilesystemsFiles: createFiles: op(2f): [finished] writing file "/etc/kubernetes/kubelet-plugins/volume/exec/.dummy"
Oct 02 02:18:48 master1.openshift4poc.example.local ignition[753]: INFO     : files: createFilesystemsFiles: createFiles: op(30): [started]  writing file "/etc/pki/ca-trust/source/anchors/openshift-config-user-ca-bundle.crt"
Oct 02 02:18:48 master1.openshift4poc.example.local ignition[753]: INFO     : files: createFilesystemsFiles: createFiles: op(30): [finished] writing file "/etc/pki/ca-trust/source/anchors/openshift-config-user-ca-bundle.crt"
Oct 02 02:18:48 master1.openshift4poc.example.local ignition[753]: INFO     : files: createFilesystemsFiles: createFiles: op(31): [started]  writing file "/etc/tmpfiles.d/cleanup-cni.conf"
Oct 02 02:18:48 master1.openshift4poc.example.local ignition[753]: INFO     : files: createFilesystemsFiles: createFiles: op(31): [finished] writing file "/etc/tmpfiles.d/cleanup-cni.conf"
Oct 02 02:18:48 master1.openshift4poc.example.local ignition[753]: INFO     : files: createFilesystemsFiles: createFiles: op(32): [started]  writing file "/etc/kubernetes/cloud.conf"
Oct 02 02:18:48 master1.openshift4poc.example.local ignition[753]: INFO     : files: createFilesystemsFiles: createFiles: op(32): [finished] writing file "/etc/kubernetes/cloud.conf"
Oct 02 02:18:48 master1.openshift4poc.example.local ignition[753]: INFO     : files: createFilesystemsFiles: createFiles: op(33): [started]  writing file "/etc/systemd/system/crio.service.d/10-default-env.conf"
Oct 02 02:18:48 master1.openshift4poc.example.local ignition[753]: INFO     : files: createFilesystemsFiles: createFiles: op(33): [finished] writing file "/etc/systemd/system/crio.service.d/10-default-env.conf"
Oct 02 02:18:48 master1.openshift4poc.example.local ignition[753]: INFO     : files: createFilesystemsFiles: createFiles: op(34): [started]  writing file "/etc/systemd/system/kubelet.service.d/10-default-env.conf"
Oct 02 02:18:48 master1.openshift4poc.example.local ignition[753]: INFO     : files: createFilesystemsFiles: createFiles: op(34): [finished] writing file "/etc/systemd/system/kubelet.service.d/10-default-env.conf"
Oct 02 02:18:48 master1.openshift4poc.example.local ignition[753]: INFO     : files: createFilesystemsFiles: createFiles: op(35): [started]  writing file "/etc/systemd/system/machine-config-daemon-host.service.d/10-default-env.conf"
Oct 02 02:18:48 master1.openshift4poc.example.local ignition[753]: INFO     : files: createFilesystemsFiles: createFiles: op(35): [finished] writing file "/etc/systemd/system/machine-config-daemon-host.service.d/10-default-env.conf"
Oct 02 02:18:48 master1.openshift4poc.example.local ignition[753]: INFO     : files: createFilesystemsFiles: createFiles: op(36): [started]  writing file "/etc/systemd/system/pivot.service.d/10-default-env.conf"
Oct 02 02:18:48 master1.openshift4poc.example.local ignition[753]: INFO     : files: createFilesystemsFiles: createFiles: op(36): [finished] writing file "/etc/systemd/system/pivot.service.d/10-default-env.conf"
Oct 02 02:18:48 master1.openshift4poc.example.local ignition[753]: INFO     : files: createFilesystemsFiles: createFiles: op(37): [started]  writing file "/etc/kubernetes/kubelet-ca.crt"
Oct 02 02:18:48 master1.openshift4poc.example.local ignition[753]: INFO     : files: createFilesystemsFiles: createFiles: op(37): [finished] writing file "/etc/kubernetes/kubelet-ca.crt"
Oct 02 02:18:48 master1.openshift4poc.example.local ignition[753]: INFO     : files: createFilesystemsFiles: createFiles: op(38): [started]  writing file "/etc/kubernetes/kubelet.conf"
Oct 02 02:18:48 master1.openshift4poc.example.local ignition[753]: INFO     : files: createFilesystemsFiles: createFiles: op(38): [finished] writing file "/etc/kubernetes/kubelet.conf"
Oct 02 02:18:48 master1.openshift4poc.example.local ignition[753]: INFO     : files: createFilesystemsFiles: createFiles: op(39): [started]  writing file "/var/lib/kubelet/config.json"
Oct 02 02:18:48 master1.openshift4poc.example.local ignition[753]: INFO     : files: createFilesystemsFiles: createFiles: op(39): [finished] writing file "/var/lib/kubelet/config.json"
Oct 02 02:18:48 master1.openshift4poc.example.local ignition[753]: INFO     : files: createFilesystemsFiles: createFiles: op(3a): [started]  writing file "/etc/kubernetes/ca.crt"
Oct 02 02:18:48 master1.openshift4poc.example.local ignition[753]: INFO     : files: createFilesystemsFiles: createFiles: op(3a): [finished] writing file "/etc/kubernetes/ca.crt"
Oct 02 02:18:48 master1.openshift4poc.example.local ignition[753]: INFO     : files: createFilesystemsFiles: createFiles: op(3b): [started]  writing file "/etc/sysctl.d/forward.conf"
Oct 02 02:18:48 master1.openshift4poc.example.local ignition[753]: INFO     : files: createFilesystemsFiles: createFiles: op(3b): [finished] writing file "/etc/sysctl.d/forward.conf"
Oct 02 02:18:48 master1.openshift4poc.example.local ignition[753]: INFO     : files: createFilesystemsFiles: createFiles: op(3c): [started]  writing file "/etc/sysctl.d/inotify.conf"
Oct 02 02:18:48 master1.openshift4poc.example.local ignition[753]: INFO     : files: createFilesystemsFiles: createFiles: op(3c): [finished] writing file "/etc/sysctl.d/inotify.conf"
Oct 02 02:18:48 master1.openshift4poc.example.local ignition[753]: INFO     : files: createFilesystemsFiles: createFiles: op(3d): [started]  writing file "/etc/kubernetes/kubelet-plugins/volume/exec/.dummy"
Oct 02 02:18:48 master1.openshift4poc.example.local ignition[753]: INFO     : files: createFilesystemsFiles: createFiles: op(3d): [finished] writing file "/etc/kubernetes/kubelet-plugins/volume/exec/.dummy"
Oct 02 02:18:48 master1.openshift4poc.example.local ignition[753]: INFO     : files: createFilesystemsFiles: createFiles: op(3e): [started]  writing file "/etc/containers/registries.conf"
Oct 02 02:18:48 master1.openshift4poc.example.local ignition[753]: INFO     : files: createFilesystemsFiles: createFiles: op(3e): [finished] writing file "/etc/containers/registries.conf"
Oct 02 02:18:48 master1.openshift4poc.example.local ignition[753]: INFO     : files: createFilesystemsFiles: createFiles: op(3f): [started]  writing file "/etc/machine-config-daemon/node-annotations.json"
Oct 02 02:18:48 master1.openshift4poc.example.local ignition[753]: INFO     : files: createFilesystemsFiles: createFiles: op(3f): [finished] writing file "/etc/machine-config-daemon/node-annotations.json"
Oct 02 02:18:48 master1.openshift4poc.example.local ignition[753]: INFO     : files: createFilesystemsFiles: createFiles: op(40): [started]  writing file "/etc/pivot/image-pullspec"
Oct 02 02:18:48 master1.openshift4poc.example.local ignition[753]: INFO     : files: createFilesystemsFiles: createFiles: op(40): [finished] writing file "/etc/pivot/image-pullspec"
Oct 02 02:18:48 master1.openshift4poc.example.local ignition[753]: INFO     : files: createFilesystemsFiles: createFiles: op(41): [started]  writing file "/etc/kubernetes/kubeconfig"
Oct 02 02:18:48 master1.openshift4poc.example.local ignition[753]: INFO     : files: createFilesystemsFiles: createFiles: op(41): [finished] writing file "/etc/kubernetes/kubeconfig"
Oct 02 02:18:48 master1.openshift4poc.example.local ignition[753]: INFO     : files: createFilesystemsFiles: createFiles: op(42): [started]  writing file "/etc/ignition-machine-config-encapsulated.json"
Oct 02 02:18:48 master1.openshift4poc.example.local ignition[753]: INFO     : files: createFilesystemsFiles: createFiles: op(42): [finished] writing file "/etc/ignition-machine-config-encapsulated.json"
Oct 02 02:18:48 master1.openshift4poc.example.local ignition[753]: INFO     : files: op(43): [started]  processing unit "machine-config-daemon-host.service"
Oct 02 02:18:48 master1.openshift4poc.example.local ignition[753]: INFO     : files: op(43): op(44): [started]  writing unit "machine-config-daemon-host.service" at "etc/systemd/system/machine-config-daemon-host.service"
Oct 02 02:18:48 master1.openshift4poc.example.local ignition[753]: INFO     : files: op(43): op(44): [finished] writing unit "machine-config-daemon-host.service" at "etc/systemd/system/machine-config-daemon-host.service"
Oct 02 02:18:48 master1.openshift4poc.example.local ignition[753]: INFO     : files: op(43): [finished] processing unit "machine-config-daemon-host.service"
Oct 02 02:18:48 master1.openshift4poc.example.local ignition[753]: INFO     : files: op(45): [started]  enabling unit "machine-config-daemon-host.service"
Oct 02 02:18:48 master1.openshift4poc.example.local ignition[753]: INFO     : files: op(45): [finished] enabling unit "machine-config-daemon-host.service"
Oct 02 02:18:48 master1.openshift4poc.example.local ignition[753]: INFO     : files: op(46): [started]  processing unit "machine-config-daemon-host.service"
Oct 02 02:18:48 master1.openshift4poc.example.local ignition[753]: INFO     : files: op(46): op(47): [started]  writing unit "machine-config-daemon-host.service" at "etc/systemd/system/machine-config-daemon-host.service"
Oct 02 02:18:48 master1.openshift4poc.example.local ignition[753]: INFO     : files: op(46): op(47): [finished] writing unit "machine-config-daemon-host.service" at "etc/systemd/system/machine-config-daemon-host.service"
Oct 02 02:18:48 master1.openshift4poc.example.local ignition[753]: INFO     : files: op(46): [finished] processing unit "machine-config-daemon-host.service"
Oct 02 02:18:48 master1.openshift4poc.example.local ignition[753]: INFO     : files: op(48): [started]  enabling unit "machine-config-daemon-host.service"
Oct 02 02:18:48 master1.openshift4poc.example.local ignition[753]: INFO     : files: op(48): [finished] enabling unit "machine-config-daemon-host.service"
Oct 02 02:18:48 master1.openshift4poc.example.local ignition[753]: INFO     : files: op(49): [started]  processing unit "kubelet.service"
Oct 02 02:18:48 master1.openshift4poc.example.local ignition[753]: INFO     : files: op(49): op(4a): [started]  writing unit "kubelet.service" at "etc/systemd/system/kubelet.service"
Oct 02 02:18:48 master1.openshift4poc.example.local ignition[753]: INFO     : files: op(49): op(4a): [finished] writing unit "kubelet.service" at "etc/systemd/system/kubelet.service"
Oct 02 02:18:48 master1.openshift4poc.example.local ignition[753]: INFO     : files: op(49): [finished] processing unit "kubelet.service"
Oct 02 02:18:48 master1.openshift4poc.example.local ignition[753]: INFO     : files: op(4b): [started]  enabling unit "kubelet.service"
Oct 02 02:18:48 master1.openshift4poc.example.local ignition[753]: INFO     : files: op(4b): [finished] enabling unit "kubelet.service"
Oct 02 02:18:48 master1.openshift4poc.example.local ignition[753]: INFO     : files: op(4c): [started]  processing unit "machine-config-daemon-host.service"
Oct 02 02:18:48 master1.openshift4poc.example.local ignition[753]: INFO     : files: op(4c): op(4d): [started]  writing unit "machine-config-daemon-host.service" at "etc/systemd/system/machine-config-daemon-host.service"
Oct 02 02:18:48 master1.openshift4poc.example.local ignition[753]: INFO     : files: op(4c): op(4d): [finished] writing unit "machine-config-daemon-host.service" at "etc/systemd/system/machine-config-daemon-host.service"
Oct 02 02:18:48 master1.openshift4poc.example.local ignition[753]: INFO     : files: op(4c): [finished] processing unit "machine-config-daemon-host.service"
Oct 02 02:18:48 master1.openshift4poc.example.local ignition[753]: INFO     : files: op(4e): [started]  enabling unit "machine-config-daemon-host.service"
Oct 02 02:18:48 master1.openshift4poc.example.local ignition[753]: INFO     : files: op(4e): [finished] enabling unit "machine-config-daemon-host.service"
Oct 02 02:18:48 master1.openshift4poc.example.local ignition[753]: INFO     : files: op(4f): [started]  processing unit "mcd-write-pivot-reboot.service"
Oct 02 02:18:48 master1.openshift4poc.example.local ignition[753]: INFO     : files: op(4f): op(50): [started]  writing unit "mcd-write-pivot-reboot.service" at "etc/systemd/system/mcd-write-pivot-reboot.service"
Oct 02 02:18:48 master1.openshift4poc.example.local ignition[753]: INFO     : files: op(4f): op(50): [finished] writing unit "mcd-write-pivot-reboot.service" at "etc/systemd/system/mcd-write-pivot-reboot.service"
Oct 02 02:18:48 master1.openshift4poc.example.local ignition[753]: INFO     : files: op(4f): [finished] processing unit "mcd-write-pivot-reboot.service"
Oct 02 02:18:48 master1.openshift4poc.example.local ignition[753]: INFO     : files: op(51): [started]  enabling unit "mcd-write-pivot-reboot.service"
Oct 02 02:18:48 master1.openshift4poc.example.local ignition[753]: INFO     : files: op(51): [finished] enabling unit "mcd-write-pivot-reboot.service"
Oct 02 02:18:48 master1.openshift4poc.example.local ignition[753]: INFO     : files: op(52): [started]  processing unit "ignition-relabel.service"
Oct 02 02:18:48 master1.openshift4poc.example.local ignition[753]: INFO     : files: op(52): op(53): [started]  writing unit "ignition-relabel.service" at "run/systemd/system/ignition-relabel.service"
Oct 02 02:18:48 master1.openshift4poc.example.local ignition[753]: INFO     : files: op(52): op(53): [finished] writing unit "ignition-relabel.service" at "run/systemd/system/ignition-relabel.service"
Oct 02 02:18:48 master1.openshift4poc.example.local ignition[753]: INFO     : files: op(52): [finished] processing unit "ignition-relabel.service"
Oct 02 02:18:48 master1.openshift4poc.example.local ignition[753]: INFO     : files: files passed
Oct 02 02:18:48 master1.openshift4poc.example.local ignition[753]: INFO     : Ignition finished successfully
Oct 02 02:18:48 master1.openshift4poc.example.local systemd[1]: Started Ignition (files).
-- Subject: Unit ignition-files.service has finished start-up
-- Defined-By: systemd
-- Support: https://access.redhat.com/support
-- 
-- Unit ignition-files.service has finished starting up.
-- 
-- The start-up result is RESULT.
Oct 02 02:18:48 master1.openshift4poc.example.local systemd[1]: Starting Reload Configuration from the Real Root...
-- Subject: Unit initrd-parse-etc.service has begun start-up
-- Defined-By: systemd
-- Support: https://access.redhat.com/support
-- 
-- Unit initrd-parse-etc.service has begun starting up.
Oct 02 02:18:48 master1.openshift4poc.example.local systemd[1]: Started Tear down initramfs networking.
-- Subject: Unit coreos-teardown-initramfs-network.service has finished start-up
-- Defined-By: systemd
-- Support: https://access.redhat.com/support
-- 
-- Unit coreos-teardown-initramfs-network.service has finished starting up.
-- 
-- The start-up result is RESULT.
Oct 02 02:18:48 master1.openshift4poc.example.local systemd[1]: Reloading.
Oct 02 02:18:49 master1.openshift4poc.example.local systemd[1]: Started Reload Configuration from the Real Root.
-- Subject: Unit initrd-parse-etc.service has finished start-up
-- Defined-By: systemd
-- Support: https://access.redhat.com/support
-- 
-- Unit initrd-parse-etc.service has finished starting up.
-- 
-- The start-up result is RESULT.
Oct 02 02:18:49 master1.openshift4poc.example.local systemd[1]: Reached target Initrd File Systems.
-- Subject: Unit initrd-fs.target has finished start-up
-- Defined-By: systemd
-- Support: https://access.redhat.com/support
-- 
-- Unit initrd-fs.target has finished starting up.
-- 
-- The start-up result is RESULT.
Oct 02 02:18:49 master1.openshift4poc.example.local systemd[1]: Reached target Initrd Default Target.
-- Subject: Unit initrd.target has finished start-up
-- Defined-By: systemd
